Archive member included to satisfy reference by file (symbol)

/home/pack/gcc-arm-none-eabi-10.3-2021.10/bin/../lib/gcc/arm-none-eabi/10.3.1/thumb/v6-m/nofp/libgcc.a(_udivsi3.o)
                              obj/stm32f0xx_hal.o (__aeabi_uidiv)
/home/pack/gcc-arm-none-eabi-10.3-2021.10/bin/../lib/gcc/arm-none-eabi/10.3.1/thumb/v6-m/nofp/libgcc.a(_divsi3.o)
                              obj/stm32f0xx_hal.o (__aeabi_idiv)
/home/pack/gcc-arm-none-eabi-10.3-2021.10/bin/../lib/gcc/arm-none-eabi/10.3.1/thumb/v6-m/nofp/libgcc.a(_dvmd_tls.o)
                              /home/pack/gcc-arm-none-eabi-10.3-2021.10/bin/../lib/gcc/arm-none-eabi/10.3.1/thumb/v6-m/nofp/libgcc.a(_udivsi3.o) (__aeabi_idiv0)
/home/pack/gcc-arm-none-eabi-10.3-2021.10/bin/../lib/gcc/arm-none-eabi/10.3.1/thumb/v6-m/nofp/libgcc.a(_arm_cmpdf2.o)
                              obj/rt_vsnprintf.o (__aeabi_dcmpeq)
/home/pack/gcc-arm-none-eabi-10.3-2021.10/bin/../lib/gcc/arm-none-eabi/10.3.1/thumb/v6-m/nofp/libgcc.a(_aeabi_ldivmod.o)
                              obj/rt_vsnprintf.o (__aeabi_ldivmod)
/home/pack/gcc-arm-none-eabi-10.3-2021.10/bin/../lib/gcc/arm-none-eabi/10.3.1/thumb/v6-m/nofp/libgcc.a(_aeabi_uldivmod.o)
                              obj/kservice.o (__aeabi_uldivmod)
/home/pack/gcc-arm-none-eabi-10.3-2021.10/bin/../lib/gcc/arm-none-eabi/10.3.1/thumb/v6-m/nofp/libgcc.a(_fixdfdi.o)
                              obj/rt_vsnprintf.o (__aeabi_d2lz)
/home/pack/gcc-arm-none-eabi-10.3-2021.10/bin/../lib/gcc/arm-none-eabi/10.3.1/thumb/v6-m/nofp/libgcc.a(_fixunsdfdi.o)
                              /home/pack/gcc-arm-none-eabi-10.3-2021.10/bin/../lib/gcc/arm-none-eabi/10.3.1/thumb/v6-m/nofp/libgcc.a(_fixdfdi.o) (__aeabi_d2ulz)
/home/pack/gcc-arm-none-eabi-10.3-2021.10/bin/../lib/gcc/arm-none-eabi/10.3.1/thumb/v6-m/nofp/libgcc.a(_floatdidf.o)
                              obj/rt_vsnprintf.o (__aeabi_l2d)
/home/pack/gcc-arm-none-eabi-10.3-2021.10/bin/../lib/gcc/arm-none-eabi/10.3.1/thumb/v6-m/nofp/libgcc.a(_udivmoddi4.o)
                              /home/pack/gcc-arm-none-eabi-10.3-2021.10/bin/../lib/gcc/arm-none-eabi/10.3.1/thumb/v6-m/nofp/libgcc.a(_aeabi_uldivmod.o) (__udivmoddi4)
/home/pack/gcc-arm-none-eabi-10.3-2021.10/bin/../lib/gcc/arm-none-eabi/10.3.1/thumb/v6-m/nofp/libgcc.a(bpabi.o)
                              /home/pack/gcc-arm-none-eabi-10.3-2021.10/bin/../lib/gcc/arm-none-eabi/10.3.1/thumb/v6-m/nofp/libgcc.a(_aeabi_ldivmod.o) (__gnu_ldivmod_helper)
/home/pack/gcc-arm-none-eabi-10.3-2021.10/bin/../lib/gcc/arm-none-eabi/10.3.1/thumb/v6-m/nofp/libgcc.a(adddf3.o)
                              obj/rt_vsnprintf.o (__aeabi_dadd)
/home/pack/gcc-arm-none-eabi-10.3-2021.10/bin/../lib/gcc/arm-none-eabi/10.3.1/thumb/v6-m/nofp/libgcc.a(divdf3.o)
                              obj/rt_vsnprintf.o (__aeabi_ddiv)
/home/pack/gcc-arm-none-eabi-10.3-2021.10/bin/../lib/gcc/arm-none-eabi/10.3.1/thumb/v6-m/nofp/libgcc.a(eqdf2.o)
                              /home/pack/gcc-arm-none-eabi-10.3-2021.10/bin/../lib/gcc/arm-none-eabi/10.3.1/thumb/v6-m/nofp/libgcc.a(_arm_cmpdf2.o) (__eqdf2)
/home/pack/gcc-arm-none-eabi-10.3-2021.10/bin/../lib/gcc/arm-none-eabi/10.3.1/thumb/v6-m/nofp/libgcc.a(gedf2.o)
                              /home/pack/gcc-arm-none-eabi-10.3-2021.10/bin/../lib/gcc/arm-none-eabi/10.3.1/thumb/v6-m/nofp/libgcc.a(_arm_cmpdf2.o) (__gedf2)
/home/pack/gcc-arm-none-eabi-10.3-2021.10/bin/../lib/gcc/arm-none-eabi/10.3.1/thumb/v6-m/nofp/libgcc.a(ledf2.o)
                              /home/pack/gcc-arm-none-eabi-10.3-2021.10/bin/../lib/gcc/arm-none-eabi/10.3.1/thumb/v6-m/nofp/libgcc.a(_arm_cmpdf2.o) (__ledf2)
/home/pack/gcc-arm-none-eabi-10.3-2021.10/bin/../lib/gcc/arm-none-eabi/10.3.1/thumb/v6-m/nofp/libgcc.a(muldf3.o)
                              obj/rt_vsnprintf.o (__aeabi_dmul)
/home/pack/gcc-arm-none-eabi-10.3-2021.10/bin/../lib/gcc/arm-none-eabi/10.3.1/thumb/v6-m/nofp/libgcc.a(subdf3.o)
                              obj/rt_vsnprintf.o (__aeabi_dsub)
/home/pack/gcc-arm-none-eabi-10.3-2021.10/bin/../lib/gcc/arm-none-eabi/10.3.1/thumb/v6-m/nofp/libgcc.a(fixdfsi.o)
                              obj/rt_vsnprintf.o (__aeabi_d2iz)
/home/pack/gcc-arm-none-eabi-10.3-2021.10/bin/../lib/gcc/arm-none-eabi/10.3.1/thumb/v6-m/nofp/libgcc.a(floatsidf.o)
                              obj/rt_vsnprintf.o (__aeabi_i2d)
/home/pack/gcc-arm-none-eabi-10.3-2021.10/bin/../lib/gcc/arm-none-eabi/10.3.1/thumb/v6-m/nofp/libgcc.a(floatunsidf.o)
                              /home/pack/gcc-arm-none-eabi-10.3-2021.10/bin/../lib/gcc/arm-none-eabi/10.3.1/thumb/v6-m/nofp/libgcc.a(_fixunsdfdi.o) (__aeabi_ui2d)
/home/pack/gcc-arm-none-eabi-10.3-2021.10/bin/../lib/gcc/arm-none-eabi/10.3.1/thumb/v6-m/nofp/libgcc.a(_clzsi2.o)
                              /home/pack/gcc-arm-none-eabi-10.3-2021.10/bin/../lib/gcc/arm-none-eabi/10.3.1/thumb/v6-m/nofp/libgcc.a(adddf3.o) (__clzsi2)
[...]
Memory Configuration

Name             Origin             Length             Attributes
RAM              0x0000000020000000 0x0000000000008000 xrw
FLASH            0x0000000008000000 0x0000000000040000 xr
*default*        0x0000000000000000 0xffffffffffffffff

Linker script and memory map

LOAD /home/pack/gcc-arm-none-eabi-10.3-2021.10/bin/../lib/gcc/arm-none-eabi/10.3.1/thumb/v6-m/nofp/crti.o
LOAD /home/pack/gcc-arm-none-eabi-10.3-2021.10/bin/../lib/gcc/arm-none-eabi/10.3.1/thumb/v6-m/nofp/crtbegin.o
LOAD /home/pack/gcc-arm-none-eabi-10.3-2021.10/bin/../lib/gcc/arm-none-eabi/10.3.1/../../../../arm-none-eabi/lib/thumb/v6-m/nofp/crt0.o
LOAD obj/bsp_adc.o
LOAD obj/bsp_beep.o
LOAD obj/bsp_led.o
LOAD obj/bsp_uart.o
LOAD obj/kservice.o
LOAD obj/main.o
LOAD obj/rt_vsnprintf.o
LOAD obj/startup_stm32f030xc.o
LOAD obj/stm32_uart_printf.o
LOAD obj/stm32f0xx_hal.o
LOAD obj/stm32f0xx_hal_adc.o
LOAD obj/stm32f0xx_hal_adc_ex.o
LOAD obj/stm32f0xx_hal_can.o
LOAD obj/stm32f0xx_hal_cec.o
LOAD obj/stm32f0xx_hal_comp.o
LOAD obj/stm32f0xx_hal_cortex.o
LOAD obj/stm32f0xx_hal_crc.o
LOAD obj/stm32f0xx_hal_crc_ex.o
LOAD obj/stm32f0xx_hal_dac.o
LOAD obj/stm32f0xx_hal_dac_ex.o
LOAD obj/stm32f0xx_hal_delay.o
LOAD obj/stm32f0xx_hal_dma.o
LOAD obj/stm32f0xx_hal_exti.o
LOAD obj/stm32f0xx_hal_flash.o
LOAD obj/stm32f0xx_hal_flash_ex.o
LOAD obj/stm32f0xx_hal_gpio.o
LOAD obj/stm32f0xx_hal_i2c.o
LOAD obj/stm32f0xx_hal_i2c_ex.o
LOAD obj/stm32f0xx_hal_i2s.o
LOAD obj/stm32f0xx_hal_irda.o
LOAD obj/stm32f0xx_hal_iwdg.o
LOAD obj/stm32f0xx_hal_msp.o
LOAD obj/stm32f0xx_hal_pcd.o
LOAD obj/stm32f0xx_hal_pcd_ex.o
LOAD obj/stm32f0xx_hal_pwr.o
LOAD obj/stm32f0xx_hal_pwr_ex.o
LOAD obj/stm32f0xx_hal_rcc.o
LOAD obj/stm32f0xx_hal_rcc_ex.o
LOAD obj/stm32f0xx_hal_rtc.o
LOAD obj/stm32f0xx_hal_rtc_ex.o
LOAD obj/stm32f0xx_hal_smartcard.o
LOAD obj/stm32f0xx_hal_smartcard_ex.o
LOAD obj/stm32f0xx_hal_smbus.o
LOAD obj/stm32f0xx_hal_spi.o
LOAD obj/stm32f0xx_hal_spi_ex.o
LOAD obj/stm32f0xx_hal_tim.o
LOAD obj/stm32f0xx_hal_tim_ex.o
LOAD obj/stm32f0xx_hal_timebase_tim.o
LOAD obj/stm32f0xx_hal_tsc.o
LOAD obj/stm32f0xx_hal_uart.o
LOAD obj/stm32f0xx_hal_uart_ex.o
LOAD obj/stm32f0xx_hal_usart.o
LOAD obj/stm32f0xx_hal_usart_ex.o
LOAD obj/stm32f0xx_hal_wwdg.o
LOAD obj/stm32f0xx_it.o
LOAD obj/stm32f0xx_ll_adc.o
LOAD obj/stm32f0xx_ll_comp.o
LOAD obj/stm32f0xx_ll_crc.o
LOAD obj/stm32f0xx_ll_crs.o
LOAD obj/stm32f0xx_ll_dac.o
LOAD obj/stm32f0xx_ll_dma.o
LOAD obj/stm32f0xx_ll_exti.o
LOAD obj/stm32f0xx_ll_gpio.o
LOAD obj/stm32f0xx_ll_i2c.o
LOAD obj/stm32f0xx_ll_pwr.o
LOAD obj/stm32f0xx_ll_rcc.o
LOAD obj/stm32f0xx_ll_rtc.o
LOAD obj/stm32f0xx_ll_spi.o
LOAD obj/stm32f0xx_ll_tim.o
LOAD obj/stm32f0xx_ll_usart.o
LOAD obj/stm32f0xx_ll_usb.o
LOAD obj/stm32f0xx_ll_utils.o
LOAD obj/system_stm32f0xx.o
START GROUP
LOAD /home/pack/gcc-arm-none-eabi-10.3-2021.10/bin/../lib/gcc/arm-none-eabi/10.3.1/thumb/v6-m/nofp/libgcc.a
LOAD /home/pack/gcc-arm-none-eabi-10.3-2021.10/bin/../lib/gcc/arm-none-eabi/10.3.1/../../../../arm-none-eabi/lib/thumb/v6-m/nofp/libc.a
END GROUP
START GROUP
LOAD /home/pack/gcc-arm-none-eabi-10.3-2021.10/bin/../lib/gcc/arm-none-eabi/10.3.1/thumb/v6-m/nofp/libgcc.a
LOAD /home/pack/gcc-arm-none-eabi-10.3-2021.10/bin/../lib/gcc/arm-none-eabi/10.3.1/../../../../arm-none-eabi/lib/thumb/v6-m/nofp/libc.a
LOAD /home/pack/gcc-arm-none-eabi-10.3-2021.10/bin/../lib/gcc/arm-none-eabi/10.3.1/../../../../arm-none-eabi/lib/thumb/v6-m/nofp/libnosys.a
END GROUP
LOAD /home/pack/gcc-arm-none-eabi-10.3-2021.10/bin/../lib/gcc/arm-none-eabi/10.3.1/thumb/v6-m/nofp/crtend.o
LOAD /home/pack/gcc-arm-none-eabi-10.3-2021.10/bin/../lib/gcc/arm-none-eabi/10.3.1/thumb/v6-m/nofp/crtn.o
                0x0000000020002000                _estack = 0x20002000
                0x0000000000000200                _Min_Heap_Size = 0x200
                0x0000000000000400                _Min_Stack_Size = 0x400

.isr_vector     0x0000000008000000       0xbc
                0x0000000008000000                . = ALIGN (0x4)
 *(.isr_vector)
 .isr_vector    0x0000000008000000       0xbc obj/startup_stm32f030xc.o
                0x0000000008000000                g_pfnVectors
                0x00000000080000bc                . = ALIGN (0x4)

.text           0x00000000080000bc     0x59ec
                0x00000000080000bc                . = ALIGN (0x4)
 *(.text)
 .text          0x00000000080000bc       0x48 /home/pack/gcc-arm-none-eabi-10.3-2021.10/bin/../lib/gcc/arm-none-eabi/10.3.1/thumb/v6-m/nofp/crtbegin.o
 .text          0x0000000008000104      0x114 /home/pack/gcc-arm-none-eabi-10.3-2021.10/bin/../lib/gcc/arm-none-eabi/10.3.1/thumb/v6-m/nofp/libgcc.a(_udivsi3.o)
                0x0000000008000104                __udivsi3
                0x0000000008000104                __aeabi_uidiv
                0x0000000008000210                __aeabi_uidivmod
 .text          0x0000000008000218        0x4 /home/pack/gcc-arm-none-eabi-10.3-2021.10/bin/../lib/gcc/arm-none-eabi/10.3.1/thumb/v6-m/nofp/libgcc.a(_dvmd_tls.o)
                0x0000000008000218                __aeabi_ldiv0
                0x0000000008000218                __aeabi_idiv0
 .text          0x000000000800021c       0x7c /home/pack/gcc-arm-none-eabi-10.3-2021.10/bin/../lib/gcc/arm-none-eabi/10.3.1/thumb/v6-m/nofp/libgcc.a(_arm_cmpdf2.o)
                0x000000000800021c                __aeabi_cdrcmple
                0x000000000800022c                __aeabi_cdcmple
                0x000000000800022c                __aeabi_cdcmpeq
                0x000000000800023c                __aeabi_dcmpeq
                0x0000000008000248                __aeabi_dcmplt
                0x000000000800025c                __aeabi_dcmple
                0x0000000008000270                __aeabi_dcmpgt
                0x0000000008000284                __aeabi_dcmpge
 .text          0x0000000008000298       0x48 /home/pack/gcc-arm-none-eabi-10.3-2021.10/bin/../lib/gcc/arm-none-eabi/10.3.1/thumb/v6-m/nofp/libgcc.a(_aeabi_ldivmod.o)
                0x0000000008000298                __aeabi_ldivmod
 .text          0x00000000080002e0       0x40 /home/pack/gcc-arm-none-eabi-10.3-2021.10/bin/../lib/gcc/arm-none-eabi/10.3.1/thumb/v6-m/nofp/libgcc.a(_aeabi_uldivmod.o)
                0x00000000080002e0                __aeabi_uldivmod
 .text          0x0000000008000320       0x3c /home/pack/gcc-arm-none-eabi-10.3-2021.10/bin/../lib/gcc/arm-none-eabi/10.3.1/thumb/v6-m/nofp/libgcc.a(_fixdfdi.o)
                0x0000000008000320                __aeabi_d2lz
                0x0000000008000320                __fixdfdi
 .text          0x000000000800035c       0x3c /home/pack/gcc-arm-none-eabi-10.3-2021.10/bin/../lib/gcc/arm-none-eabi/10.3.1/thumb/v6-m/nofp/libgcc.a(_fixunsdfdi.o)
                0x000000000800035c                __aeabi_d2ulz
                0x000000000800035c                __fixunsdfdi
 .text          0x0000000008000398       0x2c /home/pack/gcc-arm-none-eabi-10.3-2021.10/bin/../lib/gcc/arm-none-eabi/10.3.1/thumb/v6-m/nofp/libgcc.a(_floatdidf.o)
                0x0000000008000398                __floatdidf
                0x0000000008000398                __aeabi_l2d
 .text          0x00000000080003c4      0x198 /home/pack/gcc-arm-none-eabi-10.3-2021.10/bin/../lib/gcc/arm-none-eabi/10.3.1/thumb/v6-m/nofp/libgcc.a(_udivmoddi4.o)
                0x00000000080003c4                __udivmoddi4
 .text          0x000000000800055c       0x3c /home/pack/gcc-arm-none-eabi-10.3-2021.10/bin/../lib/gcc/arm-none-eabi/10.3.1/thumb/v6-m/nofp/libgcc.a(bpabi.o)
                0x000000000800055c                __gnu_ldivmod_helper
 .text          0x0000000008000598      0x678 /home/pack/gcc-arm-none-eabi-10.3-2021.10/bin/../lib/gcc/arm-none-eabi/10.3.1/thumb/v6-m/nofp/libgcc.a(adddf3.o)
                0x0000000008000598                __aeabi_dadd
 .text          0x0000000008000c10      0x5ec /home/pack/gcc-arm-none-eabi-10.3-2021.10/bin/../lib/gcc/arm-none-eabi/10.3.1/thumb/v6-m/nofp/libgcc.a(divdf3.o)
                0x0000000008000c10                __aeabi_ddiv
 .text          0x00000000080011fc       0x84 /home/pack/gcc-arm-none-eabi-10.3-2021.10/bin/../lib/gcc/arm-none-eabi/10.3.1/thumb/v6-m/nofp/libgcc.a(eqdf2.o)
                0x00000000080011fc                __eqdf2
                0x00000000080011fc                __nedf2
 .text          0x0000000008001280       0xcc /home/pack/gcc-arm-none-eabi-10.3-2021.10/bin/../lib/gcc/arm-none-eabi/10.3.1/thumb/v6-m/nofp/libgcc.a(gedf2.o)
                0x0000000008001280                __gtdf2
                0x0000000008001280                __gedf2
 .text          0x000000000800134c       0xc8 /home/pack/gcc-arm-none-eabi-10.3-2021.10/bin/../lib/gcc/arm-none-eabi/10.3.1/thumb/v6-m/nofp/libgcc.a(ledf2.o)
                0x000000000800134c                __ltdf2
                0x000000000800134c                __ledf2
 .text          0x0000000008001414      0x4d8 /home/pack/gcc-arm-none-eabi-10.3-2021.10/bin/../lib/gcc/arm-none-eabi/10.3.1/thumb/v6-m/nofp/libgcc.a(muldf3.o)
                0x0000000008001414                __aeabi_dmul
 .text          0x00000000080018ec      0x724 /home/pack/gcc-arm-none-eabi-10.3-2021.10/bin/../lib/gcc/arm-none-eabi/10.3.1/thumb/v6-m/nofp/libgcc.a(subdf3.o)
                0x00000000080018ec                __aeabi_dsub
 .text          0x0000000008002010       0x6c /home/pack/gcc-arm-none-eabi-10.3-2021.10/bin/../lib/gcc/arm-none-eabi/10.3.1/thumb/v6-m/nofp/libgcc.a(fixdfsi.o)
                0x0000000008002010                __aeabi_d2iz
 .text          0x000000000800207c       0x60 /home/pack/gcc-arm-none-eabi-10.3-2021.10/bin/../lib/gcc/arm-none-eabi/10.3.1/thumb/v6-m/nofp/libgcc.a(floatsidf.o)
                0x000000000800207c                __aeabi_i2d
 .text          0x00000000080020dc       0x4c /home/pack/gcc-arm-none-eabi-10.3-2021.10/bin/../lib/gcc/arm-none-eabi/10.3.1/thumb/v6-m/nofp/libgcc.a(floatunsidf.o)
                0x00000000080020dc                __aeabi_ui2d
 .text          0x0000000008002128       0x3c /home/pack/gcc-arm-none-eabi-10.3-2021.10/bin/../lib/gcc/arm-none-eabi/10.3.1/thumb/v6-m/nofp/libgcc.a(_clzsi2.o)
                0x0000000008002128                __clzsi2
 .text          0x0000000008002164       0x18 /home/pack/gcc-arm-none-eabi-10.3-2021.10/bin/../lib/gcc/arm-none-eabi/10.3.1/thumb/v6-m/nofp/libgcc.a(_clzdi2.o)
                0x0000000008002164                __clzdi2
 .text          0x000000000800217c       0x5c /home/pack/gcc-arm-none-eabi-10.3-2021.10/bin/../lib/gcc/arm-none-eabi/10.3.1/thumb/v6-m/nofp/libgcc.a(_muldi3.o)
                0x000000000800217c                __aeabi_lmul
                0x000000000800217c                __muldi3
 .text          0x00000000080021d8       0x3c /home/pack/gcc-arm-none-eabi-10.3-2021.10/bin/../lib/gcc/arm-none-eabi/10.3.1/thumb/v6-m/nofp/libgcc.a(_fixunsdfsi.o)
                0x00000000080021d8                __fixunsdfsi
                0x00000000080021d8                __aeabi_d2uiz
 .text          0x0000000008002214      0x1cc /home/pack/gcc-arm-none-eabi-10.3-2021.10/bin/../lib/gcc/arm-none-eabi/10.3.1/thumb/v6-m/nofp/libgcc.a(_divdi3.o)
                0x0000000008002214                __divdi3
 *(.text*)
 .text.bsp_adc_init
                0x00000000080023e0       0x90 obj/bsp_adc.o
                0x00000000080023e0                bsp_adc_init
 .text.HAL_ADC_MspInit
                0x0000000008002470       0x60 obj/bsp_adc.o
                0x0000000008002470                HAL_ADC_MspInit
 .text.bsp_beep_init
                0x00000000080024d0       0x54 obj/bsp_beep.o
                0x00000000080024d0                bsp_beep_init
 .text.bsp_led_init
                0x0000000008002524       0x54 obj/bsp_led.o
                0x0000000008002524                bsp_led_init
 .text.bsp_led1_toggle
                0x0000000008002578       0x14 obj/bsp_led.o
                0x0000000008002578                bsp_led1_toggle
 .text.bsp_led2_toggle
                0x000000000800258c       0x14 obj/bsp_led.o
                0x000000000800258c                bsp_led2_toggle
 .text.bsp_led3_toggle
                0x00000000080025a0       0x14 obj/bsp_led.o
                0x00000000080025a0                bsp_led3_toggle
 .text.bsp_uart_init
                0x00000000080025b4       0x90 obj/bsp_uart.o
                0x00000000080025b4                bsp_uart_init
 .text.HAL_UART_MspInit
                0x0000000008002644       0x78 obj/bsp_uart.o
                0x0000000008002644                HAL_UART_MspInit
 .text.myputstr
                0x00000000080026bc       0x28 obj/bsp_uart.o
                0x00000000080026bc                myputstr
 .text.rt_hw_console_output
                0x00000000080026e4        0x8 obj/kservice.o
                0x00000000080026e4                rt_hw_console_output
 .text.rt_kprintf
                0x00000000080026ec       0x34 obj/kservice.o
                0x00000000080026ec                rt_kprintf
 .text.startup.main
                0x0000000008002720       0xb0 obj/main.o
                0x0000000008002720                main
 .text.Error_Handler
                0x00000000080027d0        0x4 obj/main.o
                0x00000000080027d0                Error_Handler
 .text.out_buffer
                0x00000000080027d4        0x8 obj/rt_vsnprintf.o
 .text.out_discard
                0x00000000080027dc        0x4 obj/rt_vsnprintf.o
 .text.out_rev_
                0x00000000080027e0       0x9c obj/rt_vsnprintf.o
 .text.print_integer
                0x000000000800287c      0x28c obj/rt_vsnprintf.o
 .text.get_components
                0x0000000008002b08      0x164 obj/rt_vsnprintf.o
 .text.print_broken_up_decimal.isra.0
                0x0000000008002c6c      0x250 obj/rt_vsnprintf.o
 .text.print_exponential_number
                0x0000000008002ebc      0x6e8 obj/rt_vsnprintf.o
 .text.print_floating_point
                0x00000000080035a4      0x18c obj/rt_vsnprintf.o
 .text.rt_vsnprintf
                0x0000000008003730      0x70c obj/rt_vsnprintf.o
                0x0000000008003730                rt_vsnprintf
 .text.Reset_Handler
                0x0000000008003e3c       0x50 obj/startup_stm32f030xc.o
                0x0000000008003e3c                Reset_Handler
 .text.Default_Handler
                0x0000000008003e8c        0x2 obj/startup_stm32f030xc.o
                0x0000000008003e8c                TIM1_CC_IRQHandler
                0x0000000008003e8c                TIM6_IRQHandler
                0x0000000008003e8c                I2C1_IRQHandler
                0x0000000008003e8c                SPI1_IRQHandler
                0x0000000008003e8c                EXTI2_3_IRQHandler
                0x0000000008003e8c                I2C2_IRQHandler
                0x0000000008003e8c                USART3_6_IRQHandler
                0x0000000008003e8c                TIM17_IRQHandler
                0x0000000008003e8c                RTC_IRQHandler
                0x0000000008003e8c                TIM16_IRQHandler
                0x0000000008003e8c                TIM3_IRQHandler
                0x0000000008003e8c                EXTI4_15_IRQHandler
                0x0000000008003e8c                RCC_IRQHandler
                0x0000000008003e8c                DMA1_Channel1_IRQHandler
                0x0000000008003e8c                Default_Handler
                0x0000000008003e8c                TIM14_IRQHandler
                0x0000000008003e8c                DMA1_Channel4_5_IRQHandler
                0x0000000008003e8c                TIM15_IRQHandler
                0x0000000008003e8c                EXTI0_1_IRQHandler
                0x0000000008003e8c                SPI2_IRQHandler
                0x0000000008003e8c                WWDG_IRQHandler
                0x0000000008003e8c                DMA1_Channel2_3_IRQHandler
                0x0000000008003e8c                USART2_IRQHandler
                0x0000000008003e8c                FLASH_IRQHandler
                0x0000000008003e8c                TIM1_BRK_UP_TRG_COM_IRQHandler
 *fill*         0x0000000008003e8e        0x2 
 .text.HAL_Init
                0x0000000008003e90       0x20 obj/stm32f0xx_hal.o
                0x0000000008003e90                HAL_Init
 .text.HAL_IncTick
                0x0000000008003eb0       0x18 obj/stm32f0xx_hal.o
                0x0000000008003eb0                HAL_IncTick
 .text.HAL_GetTick
                0x0000000008003ec8        0xc obj/stm32f0xx_hal.o
                0x0000000008003ec8                HAL_GetTick
 .text.HAL_ADC_Init
                0x0000000008003ed4      0x154 obj/stm32f0xx_hal_adc.o
                0x0000000008003ed4                HAL_ADC_Init
 .text.HAL_ADC_ConvCpltCallback
                0x0000000008004028        0x4 obj/stm32f0xx_hal_adc.o
                0x0000000008004028                HAL_ADC_ConvCpltCallback
 .text.HAL_ADC_LevelOutOfWindowCallback
                0x000000000800402c        0x4 obj/stm32f0xx_hal_adc.o
                0x000000000800402c                HAL_ADC_LevelOutOfWindowCallback
 .text.HAL_ADC_ErrorCallback
                0x0000000008004030        0x4 obj/stm32f0xx_hal_adc.o
                0x0000000008004030                HAL_ADC_ErrorCallback
 .text.HAL_ADC_IRQHandler
                0x0000000008004034       0xd4 obj/stm32f0xx_hal_adc.o
                0x0000000008004034                HAL_ADC_IRQHandler
 .text.HAL_ADC_ConfigChannel
                0x0000000008004108      0x104 obj/stm32f0xx_hal_adc.o
                0x0000000008004108                HAL_ADC_ConfigChannel
 .text.HAL_NVIC_SetPriority
                0x000000000800420c       0x64 obj/stm32f0xx_hal_cortex.o
                0x000000000800420c                HAL_NVIC_SetPriority
 .text.HAL_NVIC_EnableIRQ
                0x0000000008004270       0x18 obj/stm32f0xx_hal_cortex.o
                0x0000000008004270                HAL_NVIC_EnableIRQ
 .text.HAL_Delay
                0x0000000008004288       0x24 obj/stm32f0xx_hal_delay.o
                0x0000000008004288                HAL_Delay
 .text.HAL_TIM_PeriodElapsedCallback
                0x00000000080042ac       0x18 obj/stm32f0xx_hal_delay.o
                0x00000000080042ac                HAL_TIM_PeriodElapsedCallback
 .text.HAL_DMA_Abort
                0x00000000080042c4       0x40 obj/stm32f0xx_hal_dma.o
                0x00000000080042c4                HAL_DMA_Abort
 .text.HAL_DMA_Abort_IT
                0x0000000008004304       0x48 obj/stm32f0xx_hal_dma.o
                0x0000000008004304                HAL_DMA_Abort_IT
 .text.HAL_GPIO_Init
                0x000000000800434c      0x238 obj/stm32f0xx_hal_gpio.o
                0x000000000800434c                HAL_GPIO_Init
 .text.HAL_GPIO_WritePin
                0x0000000008004584        0xc obj/stm32f0xx_hal_gpio.o
                0x0000000008004584                HAL_GPIO_WritePin
 .text.HAL_GPIO_TogglePin
                0x0000000008004590       0x10 obj/stm32f0xx_hal_gpio.o
                0x0000000008004590                HAL_GPIO_TogglePin
 .text.HAL_MspInit
                0x00000000080045a0       0x30 obj/stm32f0xx_hal_msp.o
                0x00000000080045a0                HAL_MspInit
 .text.HAL_RCC_OscConfig
                0x00000000080045d0      0x4cc obj/stm32f0xx_hal_rcc.o
                0x00000000080045d0                HAL_RCC_OscConfig
 .text.HAL_RCC_GetSysClockFreq
                0x0000000008004a9c       0x40 obj/stm32f0xx_hal_rcc.o
                0x0000000008004a9c                HAL_RCC_GetSysClockFreq
 .text.HAL_RCC_ClockConfig
                0x0000000008004adc      0x118 obj/stm32f0xx_hal_rcc.o
                0x0000000008004adc                HAL_RCC_ClockConfig
 .text.HAL_RCC_GetPCLK1Freq
                0x0000000008004bf4       0x20 obj/stm32f0xx_hal_rcc.o
                0x0000000008004bf4                HAL_RCC_GetPCLK1Freq
 .text.HAL_RCC_GetClockConfig
                0x0000000008004c14       0x38 obj/stm32f0xx_hal_rcc.o
                0x0000000008004c14                HAL_RCC_GetClockConfig
 .text.HAL_RCCEx_PeriphCLKConfig
                0x0000000008004c4c      0x13c obj/stm32f0xx_hal_rcc_ex.o
                0x0000000008004c4c                HAL_RCCEx_PeriphCLKConfig
 .text.HAL_TIM_Base_MspInit
                0x0000000008004d88        0x4 obj/stm32f0xx_hal_tim.o
                0x0000000008004d88                HAL_TIM_Base_MspInit
 .text.HAL_TIM_Base_Start_IT
                0x0000000008004d8c       0x5c obj/stm32f0xx_hal_tim.o
                0x0000000008004d8c                HAL_TIM_Base_Start_IT
 .text.HAL_TIM_OC_DelayElapsedCallback
                0x0000000008004de8        0x4 obj/stm32f0xx_hal_tim.o
                0x0000000008004de8                HAL_TIM_OC_DelayElapsedCallback
 .text.HAL_TIM_IC_CaptureCallback
                0x0000000008004dec        0x4 obj/stm32f0xx_hal_tim.o
                0x0000000008004dec                HAL_TIM_IC_CaptureCallback
 .text.HAL_TIM_PWM_PulseFinishedCallback
                0x0000000008004df0        0x4 obj/stm32f0xx_hal_tim.o
                0x0000000008004df0                HAL_TIM_PWM_PulseFinishedCallback
 .text.HAL_TIM_TriggerCallback
                0x0000000008004df4        0x4 obj/stm32f0xx_hal_tim.o
                0x0000000008004df4                HAL_TIM_TriggerCallback
 .text.HAL_TIM_IRQHandler
                0x0000000008004df8      0x148 obj/stm32f0xx_hal_tim.o
                0x0000000008004df8                HAL_TIM_IRQHandler
 .text.TIM_Base_SetConfig
                0x0000000008004f40       0xa0 obj/stm32f0xx_hal_tim.o
                0x0000000008004f40                TIM_Base_SetConfig
 .text.HAL_TIM_Base_Init
                0x0000000008004fe0       0x58 obj/stm32f0xx_hal_tim.o
                0x0000000008004fe0                HAL_TIM_Base_Init
 .text.HAL_TIMEx_CommutCallback
                0x0000000008005038        0x4 obj/stm32f0xx_hal_tim_ex.o
                0x0000000008005038                HAL_TIMEx_CommutCallback
 .text.HAL_TIMEx_BreakCallback
                0x000000000800503c        0x4 obj/stm32f0xx_hal_tim_ex.o
                0x000000000800503c                HAL_TIMEx_BreakCallback
 .text.HAL_InitTick
                0x0000000008005040       0xa0 obj/stm32f0xx_hal_timebase_tim.o
                0x0000000008005040                HAL_InitTick
 .text.UART_EndRxTransfer
                0x00000000080050e0       0x60 obj/stm32f0xx_hal_uart.o
 .text.HAL_UART_TxCpltCallback
                0x0000000008005140        0x4 obj/stm32f0xx_hal_uart.o
                0x0000000008005140                HAL_UART_TxCpltCallback
 .text.HAL_UART_ErrorCallback
                0x0000000008005144        0x4 obj/stm32f0xx_hal_uart.o
                0x0000000008005144                HAL_UART_ErrorCallback
 .text.UART_DMAAbortOnError
                0x0000000008005148       0x14 obj/stm32f0xx_hal_uart.o
 .text.HAL_UARTEx_RxEventCallback
                0x000000000800515c        0x4 obj/stm32f0xx_hal_uart.o
                0x000000000800515c                HAL_UARTEx_RxEventCallback
 .text.HAL_UART_IRQHandler
                0x0000000008005160      0x2d0 obj/stm32f0xx_hal_uart.o
                0x0000000008005160                HAL_UART_IRQHandler
 .text.UART_SetConfig
                0x0000000008005430      0x164 obj/stm32f0xx_hal_uart.o
                0x0000000008005430                UART_SetConfig
 .text.UART_AdvFeatureConfig
                0x0000000008005594       0xd0 obj/stm32f0xx_hal_uart.o
                0x0000000008005594                UART_AdvFeatureConfig
 .text.UART_WaitOnFlagUntilTimeout
                0x0000000008005664       0xb8 obj/stm32f0xx_hal_uart.o
                0x0000000008005664                UART_WaitOnFlagUntilTimeout
 .text.UART_CheckIdleState
                0x000000000800571c       0xd4 obj/stm32f0xx_hal_uart.o
                0x000000000800571c                UART_CheckIdleState
 .text.HAL_UART_Init
                0x00000000080057f0       0x68 obj/stm32f0xx_hal_uart.o
                0x00000000080057f0                HAL_UART_Init
 .text.NMI_Handler
                0x0000000008005858        0x4 obj/stm32f0xx_it.o
                0x0000000008005858                NMI_Handler
 .text.HardFault_Handler
                0x000000000800585c        0x4 obj/stm32f0xx_it.o
                0x000000000800585c                HardFault_Handler
 .text.SVC_Handler
                0x0000000008005860        0x4 obj/stm32f0xx_it.o
                0x0000000008005860                SVC_Handler
 .text.PendSV_Handler
                0x0000000008005864        0x4 obj/stm32f0xx_it.o
                0x0000000008005864                PendSV_Handler
 .text.SysTick_Handler
                0x0000000008005868        0x4 obj/stm32f0xx_it.o
                0x0000000008005868                SysTick_Handler
 .text.ADC1_IRQHandler
                0x000000000800586c       0x10 obj/stm32f0xx_it.o
                0x000000000800586c                ADC1_IRQHandler
 .text.TIM7_IRQHandler
                0x000000000800587c       0x10 obj/stm32f0xx_it.o
                0x000000000800587c                TIM7_IRQHandler
 .text.USART1_IRQHandler
                0x000000000800588c       0x10 obj/stm32f0xx_it.o
                0x000000000800588c                USART1_IRQHandler
 .text.SystemInit
                0x000000000800589c        0x4 obj/system_stm32f0xx.o
                0x000000000800589c                SystemInit
 .text.__libc_init_array
                0x00000000080058a0       0x44 /home/pack/gcc-arm-none-eabi-10.3-2021.10/bin/../lib/gcc/arm-none-eabi/10.3.1/../../../../arm-none-eabi/lib/thumb/v6-m/nofp/libc.a(lib_a-init.o)
                0x00000000080058a0                __libc_init_array
 .text.memset   0x00000000080058e4       0xa8 /home/pack/gcc-arm-none-eabi-10.3-2021.10/bin/../lib/gcc/arm-none-eabi/10.3.1/../../../../arm-none-eabi/lib/thumb/v6-m/nofp/libc.a(lib_a-memset.o)
                0x00000000080058e4                memset
 .text.startup.register_fini
                0x000000000800598c       0x18 /home/pack/gcc-arm-none-eabi-10.3-2021.10/bin/../lib/gcc/arm-none-eabi/10.3.1/../../../../arm-none-eabi/lib/thumb/v6-m/nofp/libc.a(lib_a-__call_atexit.o)
 .text.atexit   0x00000000080059a4       0x10 /home/pack/gcc-arm-none-eabi-10.3-2021.10/bin/../lib/gcc/arm-none-eabi/10.3.1/../../../../arm-none-eabi/lib/thumb/v6-m/nofp/libc.a(lib_a-atexit.o)
                0x00000000080059a4                atexit
 .text.__libc_fini_array
                0x00000000080059b4       0x28 /home/pack/gcc-arm-none-eabi-10.3-2021.10/bin/../lib/gcc/arm-none-eabi/10.3.1/../../../../arm-none-eabi/lib/thumb/v6-m/nofp/libc.a(lib_a-fini.o)
                0x00000000080059b4                __libc_fini_array
 .text.__retarget_lock_acquire_recursive
                0x00000000080059dc        0x4 /home/pack/gcc-arm-none-eabi-10.3-2021.10/bin/../lib/gcc/arm-none-eabi/10.3.1/../../../../arm-none-eabi/lib/thumb/v6-m/nofp/libc.a(lib_a-lock.o)
                0x00000000080059dc                __retarget_lock_acquire_recursive
 .text.__retarget_lock_release_recursive
                0x00000000080059e0        0x4 /home/pack/gcc-arm-none-eabi-10.3-2021.10/bin/../lib/gcc/arm-none-eabi/10.3.1/../../../../arm-none-eabi/lib/thumb/v6-m/nofp/libc.a(lib_a-lock.o)
                0x00000000080059e0                __retarget_lock_release_recursive
 .text.__register_exitproc
                0x00000000080059e4       0xac /home/pack/gcc-arm-none-eabi-10.3-2021.10/bin/../lib/gcc/arm-none-eabi/10.3.1/../../../../arm-none-eabi/lib/thumb/v6-m/nofp/libc.a(lib_a-__atexit.o)
                0x00000000080059e4                __register_exitproc
 *(.glue_7)
 .glue_7        0x0000000008005a90        0x0 linker stubs
 *(.glue_7t)
 .glue_7t       0x0000000008005a90        0x0 linker stubs
 *(.eh_frame)
 .eh_frame      0x0000000008005a90        0x0 /home/pack/gcc-arm-none-eabi-10.3-2021.10/bin/../lib/gcc/arm-none-eabi/10.3.1/thumb/v6-m/nofp/crtbegin.o
 *(.init)
 .init          0x0000000008005a90        0x4 /home/pack/gcc-arm-none-eabi-10.3-2021.10/bin/../lib/gcc/arm-none-eabi/10.3.1/thumb/v6-m/nofp/crti.o
                0x0000000008005a90                _init
 .init          0x0000000008005a94        0x8 /home/pack/gcc-arm-none-eabi-10.3-2021.10/bin/../lib/gcc/arm-none-eabi/10.3.1/thumb/v6-m/nofp/crtn.o
 *(.fini)
 .fini          0x0000000008005a9c        0x4 /home/pack/gcc-arm-none-eabi-10.3-2021.10/bin/../lib/gcc/arm-none-eabi/10.3.1/thumb/v6-m/nofp/crti.o
                0x0000000008005a9c                _fini
 .fini          0x0000000008005aa0        0x8 /home/pack/gcc-arm-none-eabi-10.3-2021.10/bin/../lib/gcc/arm-none-eabi/10.3.1/thumb/v6-m/nofp/crtn.o
                0x0000000008005aa8                . = ALIGN (0x4)
                0x0000000008005aa8                _etext = .

.vfp11_veneer   0x0000000008005aa8        0x0
 .vfp11_veneer  0x0000000008005aa8        0x0 linker stubs

.v4_bx          0x0000000008005aa8        0x0
 .v4_bx         0x0000000008005aa8        0x0 linker stubs

.iplt           0x0000000008005aa8        0x0
 .iplt          0x0000000008005aa8        0x0 /home/pack/gcc-arm-none-eabi-10.3-2021.10/bin/../lib/gcc/arm-none-eabi/10.3.1/thumb/v6-m/nofp/crtbegin.o

.rodata         0x0000000008005aa8      0x370
                0x0000000008005aa8                . = ALIGN (0x4)
 *(.rodata)
 .rodata        0x0000000008005aa8       0x40 /home/pack/gcc-arm-none-eabi-10.3-2021.10/bin/../lib/gcc/arm-none-eabi/10.3.1/thumb/v6-m/nofp/libgcc.a(divdf3.o)
 .rodata        0x0000000008005ae8       0x40 /home/pack/gcc-arm-none-eabi-10.3-2021.10/bin/../lib/gcc/arm-none-eabi/10.3.1/thumb/v6-m/nofp/libgcc.a(muldf3.o)
 *(.rodata*)
 .rodata.main.str1.4
                0x0000000008005b28       0x12 obj/main.o
 *fill*         0x0000000008005b3a        0x2 
 .rodata.print_floating_point.str1.4
                0x0000000008005b3c       0x15 obj/rt_vsnprintf.o
 *fill*         0x0000000008005b51        0x3 
 .rodata.rt_vsnprintf.str1.4
                0x0000000008005b54        0xe obj/rt_vsnprintf.o
 *fill*         0x0000000008005b62        0x2 
 .rodata.rt_vsnprintf
                0x0000000008005b64      0x1e0 obj/rt_vsnprintf.o
 *fill*         0x0000000008005d44        0x4 
 .rodata.powers_of_10
                0x0000000008005d48       0x90 obj/rt_vsnprintf.o
 .rodata.aPLLMULFactorTable.1
                0x0000000008005dd8       0x10 obj/stm32f0xx_hal_rcc.o
 .rodata.aPredivFactorTable.0
                0x0000000008005de8       0x10 obj/stm32f0xx_hal_rcc.o
 .rodata.CSWTCH.58
                0x0000000008005df8        0x3 obj/stm32f0xx_hal_uart.o
 *fill*         0x0000000008005dfb        0x1 
 .rodata.AHBPrescTable
                0x0000000008005dfc       0x10 obj/system_stm32f0xx.o
                0x0000000008005dfc                AHBPrescTable
 .rodata.APBPrescTable
                0x0000000008005e0c        0x8 obj/system_stm32f0xx.o
                0x0000000008005e0c                APBPrescTable
 .rodata._global_impure_ptr
                0x0000000008005e14        0x4 /home/pack/gcc-arm-none-eabi-10.3-2021.10/bin/../lib/gcc/arm-none-eabi/10.3.1/../../../../arm-none-eabi/lib/thumb/v6-m/nofp/libc.a(lib_a-impure.o)
                0x0000000008005e14                _global_impure_ptr
                0x0000000008005e18                . = ALIGN (0x4)

.ARM.extab
 *(.ARM.extab* .gnu.linkonce.armextab.*)

.ARM            0x0000000008005e18        0x8
                0x0000000008005e18                __exidx_start = .
 *(.ARM.exidx*)
 .ARM.exidx     0x0000000008005e18        0x8 /home/pack/gcc-arm-none-eabi-10.3-2021.10/bin/../lib/gcc/arm-none-eabi/10.3.1/thumb/v6-m/nofp/libgcc.a(_udivmoddi4.o)
 .ARM.exidx     0x0000000008005e20        0x0 /home/pack/gcc-arm-none-eabi-10.3-2021.10/bin/../lib/gcc/arm-none-eabi/10.3.1/thumb/v6-m/nofp/libgcc.a(_divdi3.o)
                                          0x8 (size before relaxing)
                0x0000000008005e20                __exidx_end = .

.rel.dyn        0x0000000008005e20        0x0
 .rel.iplt      0x0000000008005e20        0x0 /home/pack/gcc-arm-none-eabi-10.3-2021.10/bin/../lib/gcc/arm-none-eabi/10.3.1/thumb/v6-m/nofp/crtbegin.o

.preinit_array  0x0000000008005e20        0x0
                0x0000000008005e20                PROVIDE (__preinit_array_start = .)
 *(.preinit_array*)
                0x0000000008005e20                PROVIDE (__preinit_array_end = .)

.init_array     0x0000000008005e20        0x8
                0x0000000008005e20                PROVIDE (__init_array_start = .)
 *(SORT_BY_NAME(.init_array.*))
 .init_array.00000
                0x0000000008005e20        0x4 /home/pack/gcc-arm-none-eabi-10.3-2021.10/bin/../lib/gcc/arm-none-eabi/10.3.1/../../../../arm-none-eabi/lib/thumb/v6-m/nofp/libc.a(lib_a-__call_atexit.o)
 *(.init_array*)
 .init_array    0x0000000008005e24        0x4 /home/pack/gcc-arm-none-eabi-10.3-2021.10/bin/../lib/gcc/arm-none-eabi/10.3.1/thumb/v6-m/nofp/crtbegin.o
                0x0000000008005e28                PROVIDE (__init_array_end = .)

.fini_array     0x0000000008005e28        0x4
                0x0000000008005e28                PROVIDE (__fini_array_start = .)
 *(SORT_BY_NAME(.fini_array.*))
 *(.fini_array*)
 .fini_array    0x0000000008005e28        0x4 /home/pack/gcc-arm-none-eabi-10.3-2021.10/bin/../lib/gcc/arm-none-eabi/10.3.1/thumb/v6-m/nofp/crtbegin.o
                0x0000000008005e2c                PROVIDE (__fini_array_end = .)
                0x0000000008005e2c                _sidata = LOADADDR (.data)

.data           0x0000000020000000      0x43c load address 0x0000000008005e2c
                0x0000000020000000                . = ALIGN (0x4)
                0x0000000020000000                _sdata = .
 *(.data)
 *(.data*)
 .data.uwTickFreq
                0x0000000020000000        0x1 obj/stm32f0xx_hal.o
                0x0000000020000000                uwTickFreq
 *fill*         0x0000000020000001        0x3 
 .data.uwTickPrio
                0x0000000020000004        0x4 obj/stm32f0xx_hal.o
                0x0000000020000004                uwTickPrio
 .data.SystemCoreClock
                0x0000000020000008        0x4 obj/system_stm32f0xx.o
                0x0000000020000008                SystemCoreClock
 *fill*         0x000000002000000c        0x4 
 .data.impure_data
                0x0000000020000010      0x428 /home/pack/gcc-arm-none-eabi-10.3-2021.10/bin/../lib/gcc/arm-none-eabi/10.3.1/../../../../arm-none-eabi/lib/thumb/v6-m/nofp/libc.a(lib_a-impure.o)
 .data.__atexit_recursive_mutex
                0x0000000020000438        0x4 /home/pack/gcc-arm-none-eabi-10.3-2021.10/bin/../lib/gcc/arm-none-eabi/10.3.1/../../../../arm-none-eabi/lib/thumb/v6-m/nofp/libc.a(lib_a-__call_atexit.o)
                0x0000000020000438                __atexit_recursive_mutex
                0x000000002000043c                . = ALIGN (0x4)
                0x000000002000043c                _edata = .

.igot.plt       0x000000002000043c        0x0 load address 0x0000000008006268
 .igot.plt      0x000000002000043c        0x0 /home/pack/gcc-arm-none-eabi-10.3-2021.10/bin/../lib/gcc/arm-none-eabi/10.3.1/thumb/v6-m/nofp/crtbegin.o
                0x000000002000043c                . = ALIGN (0x4)

.bss            0x000000002000043c      0x1b4 load address 0x0000000008006268
                0x000000002000043c                _sbss = .
                0x000000002000043c                __bss_start__ = _sbss
 *(.bss)
 .bss           0x000000002000043c       0x1c /home/pack/gcc-arm-none-eabi-10.3-2021.10/bin/../lib/gcc/arm-none-eabi/10.3.1/thumb/v6-m/nofp/crtbegin.o
 *(.bss*)
 .bss.hadc      0x0000000020000458       0x40 obj/bsp_adc.o
                0x0000000020000458                hadc
 .bss.huart1    0x0000000020000498       0x88 obj/bsp_uart.o
                0x0000000020000498                huart1
 .bss.rt_log_buf.0
                0x0000000020000520       0x80 obj/kservice.o
 .bss.uwTick    0x00000000200005a0        0x4 obj/stm32f0xx_hal.o
                0x00000000200005a0                uwTick
 .bss.htim7     0x00000000200005a4       0x48 obj/stm32f0xx_hal_timebase_tim.o
                0x00000000200005a4                htim7
 .bss.__lock___atexit_recursive_mutex
                0x00000000200005ec        0x1 /home/pack/gcc-arm-none-eabi-10.3-2021.10/bin/../lib/gcc/arm-none-eabi/10.3.1/../../../../arm-none-eabi/lib/thumb/v6-m/nofp/libc.a(lib_a-lock.o)
                0x00000000200005ec                __lock___atexit_recursive_mutex
 *(COMMON)
                0x00000000200005f0                . = ALIGN (0x4)
 *fill*         0x00000000200005ed        0x3 
                0x00000000200005f0                _ebss = .
                0x00000000200005f0                __bss_end__ = _ebss

._user_heap_stack
                0x00000000200005f0      0x600 load address 0x0000000008006268
                0x00000000200005f0                . = ALIGN (0x8)
                [!provide]                        PROVIDE (end = .)
                [!provide]                        PROVIDE (_end = .)
                0x00000000200007f0                . = (. + _Min_Heap_Size)
 *fill*         0x00000000200005f0      0x200 
                0x0000000020000bf0                . = (. + _Min_Stack_Size)
 *fill*         0x00000000200007f0      0x400 
                0x0000000020000bf0                . = ALIGN (0x8)

/DISCARD/
 libc.a(*)
 libm.a(*)
 libgcc.a(*)

.ARM.attributes
                0x0000000000000000       0x28
 *(.ARM.attributes)
 .ARM.attributes
                0x0000000000000000       0x1e /home/pack/gcc-arm-none-eabi-10.3-2021.10/bin/../lib/gcc/arm-none-eabi/10.3.1/thumb/v6-m/nofp/crti.o
 .ARM.attributes
                0x000000000000001e       0x2c /home/pack/gcc-arm-none-eabi-10.3-2021.10/bin/../lib/gcc/arm-none-eabi/10.3.1/thumb/v6-m/nofp/crtbegin.o
 .ARM.attributes
                0x000000000000004a       0x2c obj/bsp_adc.o
 .ARM.attributes
                0x0000000000000076       0x2c obj/bsp_beep.o
 .ARM.attributes
                0x00000000000000a2       0x2c obj/bsp_led.o
 .ARM.attributes
                0x00000000000000ce       0x2c obj/bsp_uart.o
 .ARM.attributes
                0x00000000000000fa       0x2c obj/kservice.o
 .ARM.attributes
                0x0000000000000126       0x2c obj/main.o
 .ARM.attributes
                0x0000000000000152       0x2c obj/rt_vsnprintf.o
 .ARM.attributes
                0x000000000000017e       0x21 obj/startup_stm32f030xc.o
 .ARM.attributes
                0x000000000000019f       0x2c obj/stm32f0xx_hal.o
 .ARM.attributes
                0x00000000000001cb       0x2c obj/stm32f0xx_hal_adc.o
 .ARM.attributes
                0x00000000000001f7       0x2c obj/stm32f0xx_hal_cortex.o
 .ARM.attributes
                0x0000000000000223       0x2c obj/stm32f0xx_hal_delay.o
 .ARM.attributes
                0x000000000000024f       0x2c obj/stm32f0xx_hal_dma.o
 .ARM.attributes
                0x000000000000027b       0x2c obj/stm32f0xx_hal_gpio.o
 .ARM.attributes
                0x00000000000002a7       0x2c obj/stm32f0xx_hal_msp.o
 .ARM.attributes
                0x00000000000002d3       0x2c obj/stm32f0xx_hal_rcc.o
 .ARM.attributes
                0x00000000000002ff       0x2c obj/stm32f0xx_hal_rcc_ex.o
 .ARM.attributes
                0x000000000000032b       0x2c obj/stm32f0xx_hal_tim.o
 .ARM.attributes
                0x0000000000000357       0x2c obj/stm32f0xx_hal_tim_ex.o
 .ARM.attributes
                0x0000000000000383       0x2c obj/stm32f0xx_hal_timebase_tim.o
 .ARM.attributes
                0x00000000000003af       0x2c obj/stm32f0xx_hal_uart.o
 .ARM.attributes
                0x00000000000003db       0x2c obj/stm32f0xx_it.o
 .ARM.attributes
                0x0000000000000407       0x2c obj/system_stm32f0xx.o
 .ARM.attributes
                0x0000000000000433       0x1e /home/pack/gcc-arm-none-eabi-10.3-2021.10/bin/../lib/gcc/arm-none-eabi/10.3.1/thumb/v6-m/nofp/libgcc.a(_udivsi3.o)
 .ARM.attributes
                0x0000000000000451       0x1e /home/pack/gcc-arm-none-eabi-10.3-2021.10/bin/../lib/gcc/arm-none-eabi/10.3.1/thumb/v6-m/nofp/libgcc.a(_dvmd_tls.o)
 .ARM.attributes
                0x000000000000046f       0x1e /home/pack/gcc-arm-none-eabi-10.3-2021.10/bin/../lib/gcc/arm-none-eabi/10.3.1/thumb/v6-m/nofp/libgcc.a(_arm_cmpdf2.o)
 .ARM.attributes
                0x000000000000048d       0x1e /home/pack/gcc-arm-none-eabi-10.3-2021.10/bin/../lib/gcc/arm-none-eabi/10.3.1/thumb/v6-m/nofp/libgcc.a(_aeabi_ldivmod.o)
 .ARM.attributes
                0x00000000000004ab       0x1e /home/pack/gcc-arm-none-eabi-10.3-2021.10/bin/../lib/gcc/arm-none-eabi/10.3.1/thumb/v6-m/nofp/libgcc.a(_aeabi_uldivmod.o)
 .ARM.attributes
                0x00000000000004c9       0x2c /home/pack/gcc-arm-none-eabi-10.3-2021.10/bin/../lib/gcc/arm-none-eabi/10.3.1/thumb/v6-m/nofp/libgcc.a(_fixdfdi.o)
 .ARM.attributes
                0x00000000000004f5       0x2c /home/pack/gcc-arm-none-eabi-10.3-2021.10/bin/../lib/gcc/arm-none-eabi/10.3.1/thumb/v6-m/nofp/libgcc.a(_fixunsdfdi.o)
 .ARM.attributes
                0x0000000000000521       0x2c /home/pack/gcc-arm-none-eabi-10.3-2021.10/bin/../lib/gcc/arm-none-eabi/10.3.1/thumb/v6-m/nofp/libgcc.a(_floatdidf.o)
 .ARM.attributes
                0x000000000000054d       0x2c /home/pack/gcc-arm-none-eabi-10.3-2021.10/bin/../lib/gcc/arm-none-eabi/10.3.1/thumb/v6-m/nofp/libgcc.a(_udivmoddi4.o)
 .ARM.attributes
                0x0000000000000579       0x2c /home/pack/gcc-arm-none-eabi-10.3-2021.10/bin/../lib/gcc/arm-none-eabi/10.3.1/thumb/v6-m/nofp/libgcc.a(bpabi.o)
 .ARM.attributes
                0x00000000000005a5       0x2c /home/pack/gcc-arm-none-eabi-10.3-2021.10/bin/../lib/gcc/arm-none-eabi/10.3.1/thumb/v6-m/nofp/libgcc.a(adddf3.o)
 .ARM.attributes
                0x00000000000005d1       0x2c /home/pack/gcc-arm-none-eabi-10.3-2021.10/bin/../lib/gcc/arm-none-eabi/10.3.1/thumb/v6-m/nofp/libgcc.a(divdf3.o)
 .ARM.attributes
                0x00000000000005fd       0x2c /home/pack/gcc-arm-none-eabi-10.3-2021.10/bin/../lib/gcc/arm-none-eabi/10.3.1/thumb/v6-m/nofp/libgcc.a(eqdf2.o)
 .ARM.attributes
                0x0000000000000629       0x2c /home/pack/gcc-arm-none-eabi-10.3-2021.10/bin/../lib/gcc/arm-none-eabi/10.3.1/thumb/v6-m/nofp/libgcc.a(gedf2.o)
 .ARM.attributes
                0x0000000000000655       0x2c /home/pack/gcc-arm-none-eabi-10.3-2021.10/bin/../lib/gcc/arm-none-eabi/10.3.1/thumb/v6-m/nofp/libgcc.a(ledf2.o)
 .ARM.attributes
                0x0000000000000681       0x2c /home/pack/gcc-arm-none-eabi-10.3-2021.10/bin/../lib/gcc/arm-none-eabi/10.3.1/thumb/v6-m/nofp/libgcc.a(muldf3.o)
 .ARM.attributes
                0x00000000000006ad       0x2c /home/pack/gcc-arm-none-eabi-10.3-2021.10/bin/../lib/gcc/arm-none-eabi/10.3.1/thumb/v6-m/nofp/libgcc.a(subdf3.o)
 .ARM.attributes
                0x00000000000006d9       0x2c /home/pack/gcc-arm-none-eabi-10.3-2021.10/bin/../lib/gcc/arm-none-eabi/10.3.1/thumb/v6-m/nofp/libgcc.a(fixdfsi.o)
 .ARM.attributes
                0x0000000000000705       0x2c /home/pack/gcc-arm-none-eabi-10.3-2021.10/bin/../lib/gcc/arm-none-eabi/10.3.1/thumb/v6-m/nofp/libgcc.a(floatsidf.o)
 .ARM.attributes
                0x0000000000000731       0x2c /home/pack/gcc-arm-none-eabi-10.3-2021.10/bin/../lib/gcc/arm-none-eabi/10.3.1/thumb/v6-m/nofp/libgcc.a(floatunsidf.o)
 .ARM.attributes
                0x000000000000075d       0x1e /home/pack/gcc-arm-none-eabi-10.3-2021.10/bin/../lib/gcc/arm-none-eabi/10.3.1/thumb/v6-m/nofp/libgcc.a(_clzsi2.o)
 .ARM.attributes
                0x000000000000077b       0x1e /home/pack/gcc-arm-none-eabi-10.3-2021.10/bin/../lib/gcc/arm-none-eabi/10.3.1/thumb/v6-m/nofp/libgcc.a(_clzdi2.o)
 .ARM.attributes
                0x0000000000000799       0x2c /home/pack/gcc-arm-none-eabi-10.3-2021.10/bin/../lib/gcc/arm-none-eabi/10.3.1/thumb/v6-m/nofp/libgcc.a(_muldi3.o)
 .ARM.attributes
                0x00000000000007c5       0x2c /home/pack/gcc-arm-none-eabi-10.3-2021.10/bin/../lib/gcc/arm-none-eabi/10.3.1/thumb/v6-m/nofp/libgcc.a(_fixunsdfsi.o)
 .ARM.attributes
                0x00000000000007f1       0x2c /home/pack/gcc-arm-none-eabi-10.3-2021.10/bin/../lib/gcc/arm-none-eabi/10.3.1/thumb/v6-m/nofp/libgcc.a(_divdi3.o)
 .ARM.attributes
                0x000000000000081d       0x2c /home/pack/gcc-arm-none-eabi-10.3-2021.10/bin/../lib/gcc/arm-none-eabi/10.3.1/../../../../arm-none-eabi/lib/thumb/v6-m/nofp/libc.a(lib_a-impure.o)
 .ARM.attributes
                0x0000000000000849       0x2c /home/pack/gcc-arm-none-eabi-10.3-2021.10/bin/../lib/gcc/arm-none-eabi/10.3.1/../../../../arm-none-eabi/lib/thumb/v6-m/nofp/libc.a(lib_a-init.o)
 .ARM.attributes
                0x0000000000000875       0x2c /home/pack/gcc-arm-none-eabi-10.3-2021.10/bin/../lib/gcc/arm-none-eabi/10.3.1/../../../../arm-none-eabi/lib/thumb/v6-m/nofp/libc.a(lib_a-memset.o)
 .ARM.attributes
                0x00000000000008a1       0x2c /home/pack/gcc-arm-none-eabi-10.3-2021.10/bin/../lib/gcc/arm-none-eabi/10.3.1/../../../../arm-none-eabi/lib/thumb/v6-m/nofp/libc.a(lib_a-__call_atexit.o)
 .ARM.attributes
                0x00000000000008cd       0x2c /home/pack/gcc-arm-none-eabi-10.3-2021.10/bin/../lib/gcc/arm-none-eabi/10.3.1/../../../../arm-none-eabi/lib/thumb/v6-m/nofp/libc.a(lib_a-atexit.o)
 .ARM.attributes
                0x00000000000008f9       0x2c /home/pack/gcc-arm-none-eabi-10.3-2021.10/bin/../lib/gcc/arm-none-eabi/10.3.1/../../../../arm-none-eabi/lib/thumb/v6-m/nofp/libc.a(lib_a-fini.o)
 .ARM.attributes
                0x0000000000000925       0x2c /home/pack/gcc-arm-none-eabi-10.3-2021.10/bin/../lib/gcc/arm-none-eabi/10.3.1/../../../../arm-none-eabi/lib/thumb/v6-m/nofp/libc.a(lib_a-lock.o)
 .ARM.attributes
                0x0000000000000951       0x2c /home/pack/gcc-arm-none-eabi-10.3-2021.10/bin/../lib/gcc/arm-none-eabi/10.3.1/../../../../arm-none-eabi/lib/thumb/v6-m/nofp/libc.a(lib_a-__atexit.o)
 .ARM.attributes
                0x000000000000097d       0x1e /home/pack/gcc-arm-none-eabi-10.3-2021.10/bin/../lib/gcc/arm-none-eabi/10.3.1/thumb/v6-m/nofp/crtn.o
OUTPUT(firmware.elf elf32-littlearm)
LOAD linker stubs
LOAD /home/pack/gcc-arm-none-eabi-10.3-2021.10/bin/../lib/gcc/arm-none-eabi/10.3.1/../../../../arm-none-eabi/lib/thumb/v6-m/nofp/libc.a
LOAD /home/pack/gcc-arm-none-eabi-10.3-2021.10/bin/../lib/gcc/arm-none-eabi/10.3.1/../../../../arm-none-eabi/lib/thumb/v6-m/nofp/libm.a
LOAD /home/pack/gcc-arm-none-eabi-10.3-2021.10/bin/../lib/gcc/arm-none-eabi/10.3.1/thumb/v6-m/nofp/libgcc.a

.debug_info     0x0000000000000000    0x1672c
 .debug_info    0x0000000000000000      0x965 obj/bsp_adc.o
 .debug_info    0x0000000000000965      0x435 obj/bsp_beep.o
 .debug_info    0x0000000000000d9a      0x541 obj/bsp_led.o
 .debug_info    0x00000000000012db      0xca6 obj/bsp_uart.o
 .debug_info    0x0000000000001f81      0xf51 obj/kservice.o
 .debug_info    0x0000000000002ed2      0x479 obj/main.o
 .debug_info    0x000000000000334b     0x2076 obj/rt_vsnprintf.o
 .debug_info    0x00000000000053c1       0x22 obj/startup_stm32f030xc.o
 .debug_info    0x00000000000053e3      0x77a obj/stm32f0xx_hal.o
 .debug_info    0x0000000000005b5d     0x1012 obj/stm32f0xx_hal_adc.o
 .debug_info    0x0000000000006b6f      0x8ae obj/stm32f0xx_hal_cortex.o
 .debug_info    0x000000000000741d      0x726 obj/stm32f0xx_hal_delay.o
 .debug_info    0x0000000000007b43      0x92d obj/stm32f0xx_hal_dma.o
 .debug_info    0x0000000000008470      0x650 obj/stm32f0xx_hal_gpio.o
 .debug_info    0x0000000000008ac0      0x1c2 obj/stm32f0xx_hal_msp.o
 .debug_info    0x0000000000008c82      0xa7a obj/stm32f0xx_hal_rcc.o
 .debug_info    0x00000000000096fc      0x3d3 obj/stm32f0xx_hal_rcc_ex.o
 .debug_info    0x0000000000009acf     0x4678 obj/stm32f0xx_hal_tim.o
 .debug_info    0x000000000000e147     0x1aca obj/stm32f0xx_hal_tim_ex.o
 .debug_info    0x000000000000fc11      0xa2f obj/stm32f0xx_hal_timebase_tim.o
 .debug_info    0x0000000000010640     0x517d obj/stm32f0xx_hal_uart.o
 .debug_info    0x00000000000157bd      0xce0 obj/stm32f0xx_it.o
 .debug_info    0x000000000001649d      0x28f obj/system_stm32f0xx.o

.debug_abbrev   0x0000000000000000     0x335e
 .debug_abbrev  0x0000000000000000      0x1e5 obj/bsp_adc.o
 .debug_abbrev  0x00000000000001e5      0x15e obj/bsp_beep.o
 .debug_abbrev  0x0000000000000343      0x15e obj/bsp_led.o
 .debug_abbrev  0x00000000000004a1      0x29d obj/bsp_uart.o
 .debug_abbrev  0x000000000000073e      0x3ad obj/kservice.o
 .debug_abbrev  0x0000000000000aeb      0x1a7 obj/main.o
 .debug_abbrev  0x0000000000000c92      0x3f3 obj/rt_vsnprintf.o
 .debug_abbrev  0x0000000000001085       0x12 obj/startup_stm32f030xc.o
 .debug_abbrev  0x0000000000001097      0x2aa obj/stm32f0xx_hal.o
 .debug_abbrev  0x0000000000001341      0x2b3 obj/stm32f0xx_hal_adc.o
 .debug_abbrev  0x00000000000015f4      0x285 obj/stm32f0xx_hal_cortex.o
 .debug_abbrev  0x0000000000001879      0x19b obj/stm32f0xx_hal_delay.o
 .debug_abbrev  0x0000000000001a14      0x236 obj/stm32f0xx_hal_dma.o
 .debug_abbrev  0x0000000000001c4a      0x1fb obj/stm32f0xx_hal_gpio.o
 .debug_abbrev  0x0000000000001e45       0xd8 obj/stm32f0xx_hal_msp.o
 .debug_abbrev  0x0000000000001f1d      0x282 obj/stm32f0xx_hal_rcc.o
 .debug_abbrev  0x000000000000219f      0x1a9 obj/stm32f0xx_hal_rcc_ex.o
 .debug_abbrev  0x0000000000002348      0x3ad obj/stm32f0xx_hal_tim.o
 .debug_abbrev  0x00000000000026f5      0x365 obj/stm32f0xx_hal_tim_ex.o
 .debug_abbrev  0x0000000000002a5a      0x231 obj/stm32f0xx_hal_timebase_tim.o
 .debug_abbrev  0x0000000000002c8b      0x3d7 obj/stm32f0xx_hal_uart.o
 .debug_abbrev  0x0000000000003062      0x1c8 obj/stm32f0xx_it.o
 .debug_abbrev  0x000000000000322a      0x134 obj/system_stm32f0xx.o

.debug_loc      0x0000000000000000    0x14e3f
 .debug_loc     0x0000000000000000       0x81 obj/bsp_adc.o
 .debug_loc     0x0000000000000081       0xa3 obj/bsp_uart.o
 .debug_loc     0x0000000000000124     0x2343 obj/kservice.o
 .debug_loc     0x0000000000002467     0x492b obj/rt_vsnprintf.o
 .debug_loc     0x0000000000006d92      0x135 obj/stm32f0xx_hal.o
 .debug_loc     0x0000000000006ec7      0xdf7 obj/stm32f0xx_hal_adc.o
 .debug_loc     0x0000000000007cbe      0x4a2 obj/stm32f0xx_hal_cortex.o
 .debug_loc     0x0000000000008160       0xc9 obj/stm32f0xx_hal_delay.o
 .debug_loc     0x0000000000008229      0xa7c obj/stm32f0xx_hal_dma.o
 .debug_loc     0x0000000000008ca5      0x526 obj/stm32f0xx_hal_gpio.o
 .debug_loc     0x00000000000091cb      0x54d obj/stm32f0xx_hal_rcc.o
 .debug_loc     0x0000000000009718      0x2e6 obj/stm32f0xx_hal_rcc_ex.o
 .debug_loc     0x00000000000099fe     0x5eda obj/stm32f0xx_hal_tim.o
 .debug_loc     0x000000000000f8d8     0x1951 obj/stm32f0xx_hal_tim_ex.o
 .debug_loc     0x0000000000011229      0x136 obj/stm32f0xx_hal_timebase_tim.o
 .debug_loc     0x000000000001135f     0x39af obj/stm32f0xx_hal_uart.o
 .debug_loc     0x0000000000014d0e      0x131 obj/system_stm32f0xx.o

.debug_aranges  0x0000000000000000      0xc78
 .debug_aranges
                0x0000000000000000       0x30 obj/bsp_adc.o
 .debug_aranges
                0x0000000000000030       0x40 obj/bsp_beep.o
 .debug_aranges
                0x0000000000000070       0x68 obj/bsp_led.o
 .debug_aranges
                0x00000000000000d8       0x38 obj/bsp_uart.o
 .debug_aranges
                0x0000000000000110       0xc0 obj/kservice.o
 .debug_aranges
                0x00000000000001d0       0x28 obj/main.o
 .debug_aranges
                0x00000000000001f8       0x78 obj/rt_vsnprintf.o
 .debug_aranges
                0x0000000000000270       0x28 obj/startup_stm32f030xc.o
 .debug_aranges
                0x0000000000000298       0xc8 obj/stm32f0xx_hal.o
 .debug_aranges
                0x0000000000000360       0xd0 obj/stm32f0xx_hal_adc.o
 .debug_aranges
                0x0000000000000430       0x78 obj/stm32f0xx_hal_cortex.o
 .debug_aranges
                0x00000000000004a8       0x28 obj/stm32f0xx_hal_delay.o
 .debug_aranges
                0x00000000000004d0       0x78 obj/stm32f0xx_hal_dma.o
 .debug_aranges
                0x0000000000000548       0x58 obj/stm32f0xx_hal_gpio.o
 .debug_aranges
                0x00000000000005a0       0x28 obj/stm32f0xx_hal_msp.o
 .debug_aranges
                0x00000000000005c8       0x80 obj/stm32f0xx_hal_rcc.o
 .debug_aranges
                0x0000000000000648       0x30 obj/stm32f0xx_hal_rcc_ex.o
 .debug_aranges
                0x0000000000000678      0x298 obj/stm32f0xx_hal_tim.o
 .debug_aranges
                0x0000000000000910      0x110 obj/stm32f0xx_hal_tim_ex.o
 .debug_aranges
                0x0000000000000a20       0x30 obj/stm32f0xx_hal_timebase_tim.o
 .debug_aranges
                0x0000000000000a50      0x1c0 obj/stm32f0xx_hal_uart.o
 .debug_aranges
                0x0000000000000c10       0x40 obj/stm32f0xx_it.o
 .debug_aranges
                0x0000000000000c50       0x28 obj/system_stm32f0xx.o

.debug_ranges   0x0000000000000000     0x1d28
 .debug_ranges  0x0000000000000000       0x70 obj/bsp_adc.o
 .debug_ranges  0x0000000000000070       0x60 obj/bsp_beep.o
 .debug_ranges  0x00000000000000d0       0x88 obj/bsp_led.o
 .debug_ranges  0x0000000000000158       0xc0 obj/bsp_uart.o
 .debug_ranges  0x0000000000000218      0x168 obj/kservice.o
 .debug_ranges  0x0000000000000380       0x38 obj/main.o
 .debug_ranges  0x00000000000003b8      0x5d8 obj/rt_vsnprintf.o
 .debug_ranges  0x0000000000000990       0x20 obj/startup_stm32f030xc.o
 .debug_ranges  0x00000000000009b0       0xb8 obj/stm32f0xx_hal.o
 .debug_ranges  0x0000000000000a68       0xd8 obj/stm32f0xx_hal_adc.o
 .debug_ranges  0x0000000000000b40      0x100 obj/stm32f0xx_hal_cortex.o
 .debug_ranges  0x0000000000000c40       0x18 obj/stm32f0xx_hal_delay.o
 .debug_ranges  0x0000000000000c58      0x118 obj/stm32f0xx_hal_dma.o
 .debug_ranges  0x0000000000000d70       0x70 obj/stm32f0xx_hal_gpio.o
 .debug_ranges  0x0000000000000de0       0x50 obj/stm32f0xx_hal_msp.o
 .debug_ranges  0x0000000000000e30       0xd8 obj/stm32f0xx_hal_rcc.o
 .debug_ranges  0x0000000000000f08       0x60 obj/stm32f0xx_hal_rcc_ex.o
 .debug_ranges  0x0000000000000f68      0x7c0 obj/stm32f0xx_hal_tim.o
 .debug_ranges  0x0000000000001728      0x1e0 obj/stm32f0xx_hal_tim_ex.o
 .debug_ranges  0x0000000000001908       0x50 obj/stm32f0xx_hal_timebase_tim.o
 .debug_ranges  0x0000000000001958      0x388 obj/stm32f0xx_hal_uart.o
 .debug_ranges  0x0000000000001ce0       0x30 obj/stm32f0xx_it.o
 .debug_ranges  0x0000000000001d10       0x18 obj/system_stm32f0xx.o

.debug_macro    0x0000000000000000    0x10be3
 .debug_macro   0x0000000000000000      0x2c0 obj/bsp_adc.o
 .debug_macro   0x00000000000002c0      0xa5a obj/bsp_adc.o
 .debug_macro   0x0000000000000d1a      0x187 obj/bsp_adc.o
 .debug_macro   0x0000000000000ea1       0x2e obj/bsp_adc.o
 .debug_macro   0x0000000000000ecf       0x22 obj/bsp_adc.o
 .debug_macro   0x0000000000000ef1       0x22 obj/bsp_adc.o
 .debug_macro   0x0000000000000f13       0x56 obj/bsp_adc.o
 .debug_macro   0x0000000000000f69       0x51 obj/bsp_adc.o
 .debug_macro   0x0000000000000fba      0x103 obj/bsp_adc.o
 .debug_macro   0x00000000000010bd       0x6a obj/bsp_adc.o
 .debug_macro   0x0000000000001127      0x1df obj/bsp_adc.o
 .debug_macro   0x0000000000001306       0x1c obj/bsp_adc.o
 .debug_macro   0x0000000000001322       0x22 obj/bsp_adc.o
 .debug_macro   0x0000000000001344       0xaf obj/bsp_adc.o
 .debug_macro   0x00000000000013f3      0x391 obj/bsp_adc.o
 .debug_macro   0x0000000000001784     0x785b obj/bsp_adc.o
 .debug_macro   0x0000000000008fdf       0x66 obj/bsp_adc.o
 .debug_macro   0x0000000000009045      0x174 obj/bsp_adc.o
 .debug_macro   0x00000000000091b9       0x55 obj/bsp_adc.o
 .debug_macro   0x000000000000920e      0x924 obj/bsp_adc.o
 .debug_macro   0x0000000000009b32      0x289 obj/bsp_adc.o
 .debug_macro   0x0000000000009dbb      0x1ae obj/bsp_adc.o
 .debug_macro   0x0000000000009f69      0x153 obj/bsp_adc.o
 .debug_macro   0x000000000000a0bc      0x1a0 obj/bsp_adc.o
 .debug_macro   0x000000000000a25c      0x1bc obj/bsp_adc.o
 .debug_macro   0x000000000000a418      0x1dd obj/bsp_adc.o
 .debug_macro   0x000000000000a5f5       0x3c obj/bsp_adc.o
 .debug_macro   0x000000000000a631       0x28 obj/bsp_adc.o
 .debug_macro   0x000000000000a659      0x33d obj/bsp_adc.o
 .debug_macro   0x000000000000a996       0xc2 obj/bsp_adc.o
 .debug_macro   0x000000000000aa58       0x6c obj/bsp_adc.o
 .debug_macro   0x000000000000aac4       0x4c obj/bsp_adc.o
 .debug_macro   0x000000000000ab10       0xb0 obj/bsp_adc.o
 .debug_macro   0x000000000000abc0      0x217 obj/bsp_adc.o
 .debug_macro   0x000000000000add7      0x22c obj/bsp_adc.o
 .debug_macro   0x000000000000b003       0x61 obj/bsp_adc.o
 .debug_macro   0x000000000000b064       0xa5 obj/bsp_adc.o
 .debug_macro   0x000000000000b109       0x85 obj/bsp_adc.o
 .debug_macro   0x000000000000b18e       0x4c obj/bsp_adc.o
 .debug_macro   0x000000000000b1da       0x49 obj/bsp_adc.o
 .debug_macro   0x000000000000b223      0x2db obj/bsp_adc.o
 .debug_macro   0x000000000000b4fe      0x399 obj/bsp_adc.o
 .debug_macro   0x000000000000b897       0xeb obj/bsp_adc.o
 .debug_macro   0x000000000000b982      0x34e obj/bsp_adc.o
 .debug_macro   0x000000000000bcd0      0x2fe obj/bsp_adc.o
 .debug_macro   0x000000000000bfce      0x8f4 obj/bsp_adc.o
 .debug_macro   0x000000000000c8c2       0x28 obj/bsp_adc.o
 .debug_macro   0x000000000000c8ea      0x56d obj/bsp_adc.o
 .debug_macro   0x000000000000ce57       0x44 obj/bsp_adc.o
 .debug_macro   0x000000000000ce9b      0x264 obj/bsp_adc.o
 .debug_macro   0x000000000000d0ff       0x31 obj/bsp_adc.o
 .debug_macro   0x000000000000d130       0x8d obj/bsp_adc.o
 .debug_macro   0x000000000000d1bd      0x10d obj/bsp_adc.o
 .debug_macro   0x000000000000d2ca      0x137 obj/bsp_adc.o
 .debug_macro   0x000000000000d401      0x2c0 obj/bsp_beep.o
 .debug_macro   0x000000000000d6c1      0x2c0 obj/bsp_led.o
 .debug_macro   0x000000000000d981      0x2c0 obj/bsp_uart.o
 .debug_macro   0x000000000000dc41       0x52 obj/kservice.o
 .debug_macro   0x000000000000dc93      0x302 obj/main.o
 .debug_macro   0x000000000000df95      0x184 obj/rt_vsnprintf.o
 .debug_macro   0x000000000000e119       0x22 obj/rt_vsnprintf.o
 .debug_macro   0x000000000000e13b       0x58 obj/rt_vsnprintf.o
 .debug_macro   0x000000000000e193      0x201 obj/rt_vsnprintf.o
 .debug_macro   0x000000000000e394      0x2c7 obj/stm32f0xx_hal.o
 .debug_macro   0x000000000000e65b      0x2c7 obj/stm32f0xx_hal_adc.o
 .debug_macro   0x000000000000e922      0x2a3 obj/stm32f0xx_hal_cortex.o
 .debug_macro   0x000000000000ebc5      0x2b6 obj/stm32f0xx_hal_delay.o
 .debug_macro   0x000000000000ee7b      0x2a3 obj/stm32f0xx_hal_dma.o
 .debug_macro   0x000000000000f11e      0x2aa obj/stm32f0xx_hal_gpio.o
 .debug_macro   0x000000000000f3c8      0x2b6 obj/stm32f0xx_hal_msp.o
 .debug_macro   0x000000000000f67e      0x2b5 obj/stm32f0xx_hal_rcc.o
 .debug_macro   0x000000000000f933      0x2a3 obj/stm32f0xx_hal_rcc_ex.o
 .debug_macro   0x000000000000fbd6      0x2a4 obj/stm32f0xx_hal_tim.o
 .debug_macro   0x000000000000fe7a      0x2a3 obj/stm32f0xx_hal_tim_ex.o
 .debug_macro   0x000000000001011d      0x2a3 obj/stm32f0xx_hal_timebase_tim.o
 .debug_macro   0x00000000000103c0      0x2c0 obj/stm32f0xx_hal_uart.o
 .debug_macro   0x0000000000010680      0x2c0 obj/stm32f0xx_it.o
 .debug_macro   0x0000000000010940      0x2a3 obj/system_stm32f0xx.o

.debug_line     0x0000000000000000    0x18ea3
 .debug_line    0x0000000000000000      0x82e obj/bsp_adc.o
 .debug_line    0x000000000000082e      0x79f obj/bsp_beep.o
 .debug_line    0x0000000000000fcd      0x83e obj/bsp_led.o
 .debug_line    0x000000000000180b      0x8a1 obj/bsp_uart.o
 .debug_line    0x00000000000020ac     0x1126 obj/kservice.o
 .debug_line    0x00000000000031d2      0x867 obj/main.o
 .debug_line    0x0000000000003a39     0x1a45 obj/rt_vsnprintf.o
 .debug_line    0x000000000000547e       0x7d obj/startup_stm32f030xc.o
 .debug_line    0x00000000000054fb      0x9fe obj/stm32f0xx_hal.o
 .debug_line    0x0000000000005ef9     0x1587 obj/stm32f0xx_hal_adc.o
 .debug_line    0x0000000000007480      0xa60 obj/stm32f0xx_hal_cortex.o
 .debug_line    0x0000000000007ee0      0x723 obj/stm32f0xx_hal_delay.o
 .debug_line    0x0000000000008603      0xff9 obj/stm32f0xx_hal_dma.o
 .debug_line    0x00000000000095fc      0xc06 obj/stm32f0xx_hal_gpio.o
 .debug_line    0x000000000000a202      0x6e7 obj/stm32f0xx_hal_msp.o
 .debug_line    0x000000000000a8e9     0x120c obj/stm32f0xx_hal_rcc.o
 .debug_line    0x000000000000baf5      0x995 obj/stm32f0xx_hal_rcc_ex.o
 .debug_line    0x000000000000c48a     0x537a obj/stm32f0xx_hal_tim.o
 .debug_line    0x0000000000011804     0x1d5a obj/stm32f0xx_hal_tim_ex.o
 .debug_line    0x000000000001355e      0x7b7 obj/stm32f0xx_hal_timebase_tim.o
 .debug_line    0x0000000000013d15     0x432f obj/stm32f0xx_hal_uart.o
 .debug_line    0x0000000000018044      0x740 obj/stm32f0xx_it.o
 .debug_line    0x0000000000018784      0x71f obj/system_stm32f0xx.o

.debug_str      0x0000000000000000    0x6087d
 .debug_str     0x0000000000000000    0x5bdc5 obj/bsp_adc.o
                                      0x5bff3 (size before relaxing)
 .debug_str     0x000000000005bdc5       0x9a obj/bsp_beep.o
                                      0x5bc1e (size before relaxing)
 .debug_str     0x000000000005be5f       0xc0 obj/bsp_led.o
                                      0x5bc72 (size before relaxing)
 .debug_str     0x000000000005bf1f      0x41f obj/bsp_uart.o
                                      0x5c29f (size before relaxing)
 .debug_str     0x000000000005c33e      0x2a6 obj/kservice.o
                                       0x33cc (size before relaxing)
 .debug_str     0x000000000005c5e4      0x266 obj/main.o
                                      0x5bdeb (size before relaxing)
 .debug_str     0x000000000005c84a     0x10ae obj/rt_vsnprintf.o
                                       0x5492 (size before relaxing)
 .debug_str     0x000000000005d8f8       0x2a obj/startup_stm32f030xc.o
                                         0x43 (size before relaxing)
 .debug_str     0x000000000005d922      0x42d obj/stm32f0xx_hal.o
                                      0x5bc88 (size before relaxing)
 .debug_str     0x000000000005dd4f      0x36c obj/stm32f0xx_hal_adc.o
                                      0x5be03 (size before relaxing)
 .debug_str     0x000000000005e0bb      0x185 obj/stm32f0xx_hal_cortex.o
                                      0x5ba75 (size before relaxing)
 .debug_str     0x000000000005e240      0x2d6 obj/stm32f0xx_hal_delay.o
                                      0x5c02b (size before relaxing)
 .debug_str     0x000000000005e516      0x219 obj/stm32f0xx_hal_dma.o
                                      0x5ba9c (size before relaxing)
 .debug_str     0x000000000005e72f       0xee obj/stm32f0xx_hal_gpio.o
                                      0x5b879 (size before relaxing)
 .debug_str     0x000000000005e81d       0x19 obj/stm32f0xx_hal_msp.o
                                      0x5bb10 (size before relaxing)
 .debug_str     0x000000000005e836      0x225 obj/stm32f0xx_hal_rcc.o
                                      0x5bb22 (size before relaxing)
 .debug_str     0x000000000005ea5b       0x7d obj/stm32f0xx_hal_rcc_ex.o
                                      0x5b821 (size before relaxing)
 .debug_str     0x000000000005ead8      0xebb obj/stm32f0xx_hal_tim.o
                                      0x5cac8 (size before relaxing)
 .debug_str     0x000000000005f993      0x57a obj/stm32f0xx_hal_tim_ex.o
                                      0x5c2b9 (size before relaxing)
 .debug_str     0x000000000005ff0d       0x5e obj/stm32f0xx_hal_timebase_tim.o
                                      0x5be78 (size before relaxing)
 .debug_str     0x000000000005ff6b      0x828 obj/stm32f0xx_hal_uart.o
                                      0x5c40f (size before relaxing)
 .debug_str     0x0000000000060793       0x91 obj/stm32f0xx_it.o
                                      0x5c413 (size before relaxing)
 .debug_str     0x0000000000060824       0x59 obj/system_stm32f0xx.o
                                      0x5b6fa (size before relaxing)

.comment        0x0000000000000000       0x49
 .comment       0x0000000000000000       0x49 obj/bsp_adc.o
                                         0x4a (size before relaxing)
 .comment       0x0000000000000049       0x4a obj/bsp_beep.o
 .comment       0x0000000000000049       0x4a obj/bsp_led.o
 .comment       0x0000000000000049       0x4a obj/bsp_uart.o
 .comment       0x0000000000000049       0x4a obj/kservice.o
 .comment       0x0000000000000049       0x4a obj/main.o
 .comment       0x0000000000000049       0x4a obj/rt_vsnprintf.o
 .comment       0x0000000000000049       0x4a obj/stm32f0xx_hal.o
 .comment       0x0000000000000049       0x4a obj/stm32f0xx_hal_adc.o
 .comment       0x0000000000000049       0x4a obj/stm32f0xx_hal_cortex.o
 .comment       0x0000000000000049       0x4a obj/stm32f0xx_hal_delay.o
 .comment       0x0000000000000049       0x4a obj/stm32f0xx_hal_dma.o
 .comment       0x0000000000000049       0x4a obj/stm32f0xx_hal_gpio.o
 .comment       0x0000000000000049       0x4a obj/stm32f0xx_hal_msp.o
 .comment       0x0000000000000049       0x4a obj/stm32f0xx_hal_rcc.o
 .comment       0x0000000000000049       0x4a obj/stm32f0xx_hal_rcc_ex.o
 .comment       0x0000000000000049       0x4a obj/stm32f0xx_hal_tim.o
 .comment       0x0000000000000049       0x4a obj/stm32f0xx_hal_tim_ex.o
 .comment       0x0000000000000049       0x4a obj/stm32f0xx_hal_timebase_tim.o
 .comment       0x0000000000000049       0x4a obj/stm32f0xx_hal_uart.o
 .comment       0x0000000000000049       0x4a obj/stm32f0xx_it.o
 .comment       0x0000000000000049       0x4a obj/system_stm32f0xx.o

.debug_frame    0x0000000000000000     0x2b94
 .debug_frame   0x0000000000000000       0x60 obj/bsp_adc.o
 .debug_frame   0x0000000000000060       0x8c obj/bsp_beep.o
 .debug_frame   0x00000000000000ec      0x104 obj/bsp_led.o
 .debug_frame   0x00000000000001f0       0x78 obj/bsp_uart.o
 .debug_frame   0x0000000000000268      0x240 obj/kservice.o
 .debug_frame   0x00000000000004a8       0x3c obj/main.o
 .debug_frame   0x00000000000004e4      0x1c0 obj/rt_vsnprintf.o
 .debug_frame   0x00000000000006a4      0x1b0 obj/stm32f0xx_hal.o
 .debug_frame   0x0000000000000854      0x2c0 obj/stm32f0xx_hal_adc.o
 .debug_frame   0x0000000000000b14       0xe4 obj/stm32f0xx_hal_cortex.o
 .debug_frame   0x0000000000000bf8       0x44 obj/stm32f0xx_hal_delay.o
 .debug_frame   0x0000000000000c3c      0x150 obj/stm32f0xx_hal_dma.o
 .debug_frame   0x0000000000000d8c       0xd4 obj/stm32f0xx_hal_gpio.o
 .debug_frame   0x0000000000000e60       0x34 obj/stm32f0xx_hal_msp.o
 .debug_frame   0x0000000000000e94      0x14c obj/stm32f0xx_hal_rcc.o
 .debug_frame   0x0000000000000fe0       0x60 obj/stm32f0xx_hal_rcc_ex.o
 .debug_frame   0x0000000000001040      0xa48 obj/stm32f0xx_hal_tim.o
 .debug_frame   0x0000000000001a88      0x410 obj/stm32f0xx_hal_tim_ex.o
 .debug_frame   0x0000000000001e98       0x50 obj/stm32f0xx_hal_timebase_tim.o
 .debug_frame   0x0000000000001ee8      0x618 obj/stm32f0xx_hal_uart.o
 .debug_frame   0x0000000000002500       0xa8 obj/stm32f0xx_it.o
 .debug_frame   0x00000000000025a8       0x3c obj/system_stm32f0xx.o
 .debug_frame   0x00000000000025e4       0x20 /home/pack/gcc-arm-none-eabi-10.3-2021.10/bin/../lib/gcc/arm-none-eabi/10.3.1/thumb/v6-m/nofp/libgcc.a(_udivsi3.o)
 .debug_frame   0x0000000000002604       0x2c /home/pack/gcc-arm-none-eabi-10.3-2021.10/bin/../lib/gcc/arm-none-eabi/10.3.1/thumb/v6-m/nofp/libgcc.a(_fixdfdi.o)
 .debug_frame   0x0000000000002630       0x2c /home/pack/gcc-arm-none-eabi-10.3-2021.10/bin/../lib/gcc/arm-none-eabi/10.3.1/thumb/v6-m/nofp/libgcc.a(_fixunsdfdi.o)
 .debug_frame   0x000000000000265c       0x2c /home/pack/gcc-arm-none-eabi-10.3-2021.10/bin/../lib/gcc/arm-none-eabi/10.3.1/thumb/v6-m/nofp/libgcc.a(_floatdidf.o)
 .debug_frame   0x0000000000002688       0x3c /home/pack/gcc-arm-none-eabi-10.3-2021.10/bin/../lib/gcc/arm-none-eabi/10.3.1/thumb/v6-m/nofp/libgcc.a(_udivmoddi4.o)
 .debug_frame   0x00000000000026c4       0x38 /home/pack/gcc-arm-none-eabi-10.3-2021.10/bin/../lib/gcc/arm-none-eabi/10.3.1/thumb/v6-m/nofp/libgcc.a(bpabi.o)
 .debug_frame   0x00000000000026fc       0x38 /home/pack/gcc-arm-none-eabi-10.3-2021.10/bin/../lib/gcc/arm-none-eabi/10.3.1/thumb/v6-m/nofp/libgcc.a(adddf3.o)
 .debug_frame   0x0000000000002734       0x3c /home/pack/gcc-arm-none-eabi-10.3-2021.10/bin/../lib/gcc/arm-none-eabi/10.3.1/thumb/v6-m/nofp/libgcc.a(divdf3.o)
 .debug_frame   0x0000000000002770       0x38 /home/pack/gcc-arm-none-eabi-10.3-2021.10/bin/../lib/gcc/arm-none-eabi/10.3.1/thumb/v6-m/nofp/libgcc.a(eqdf2.o)
 .debug_frame   0x00000000000027a8       0x34 /home/pack/gcc-arm-none-eabi-10.3-2021.10/bin/../lib/gcc/arm-none-eabi/10.3.1/thumb/v6-m/nofp/libgcc.a(gedf2.o)
 .debug_frame   0x00000000000027dc       0x34 /home/pack/gcc-arm-none-eabi-10.3-2021.10/bin/../lib/gcc/arm-none-eabi/10.3.1/thumb/v6-m/nofp/libgcc.a(ledf2.o)
 .debug_frame   0x0000000000002810       0x3c /home/pack/gcc-arm-none-eabi-10.3-2021.10/bin/../lib/gcc/arm-none-eabi/10.3.1/thumb/v6-m/nofp/libgcc.a(muldf3.o)
 .debug_frame   0x000000000000284c       0x3c /home/pack/gcc-arm-none-eabi-10.3-2021.10/bin/../lib/gcc/arm-none-eabi/10.3.1/thumb/v6-m/nofp/libgcc.a(subdf3.o)
 .debug_frame   0x0000000000002888       0x2c /home/pack/gcc-arm-none-eabi-10.3-2021.10/bin/../lib/gcc/arm-none-eabi/10.3.1/thumb/v6-m/nofp/libgcc.a(fixdfsi.o)
 .debug_frame   0x00000000000028b4       0x2c /home/pack/gcc-arm-none-eabi-10.3-2021.10/bin/../lib/gcc/arm-none-eabi/10.3.1/thumb/v6-m/nofp/libgcc.a(floatsidf.o)
 .debug_frame   0x00000000000028e0       0x28 /home/pack/gcc-arm-none-eabi-10.3-2021.10/bin/../lib/gcc/arm-none-eabi/10.3.1/thumb/v6-m/nofp/libgcc.a(floatunsidf.o)
 .debug_frame   0x0000000000002908       0x34 /home/pack/gcc-arm-none-eabi-10.3-2021.10/bin/../lib/gcc/arm-none-eabi/10.3.1/thumb/v6-m/nofp/libgcc.a(_muldi3.o)
 .debug_frame   0x000000000000293c       0x2c /home/pack/gcc-arm-none-eabi-10.3-2021.10/bin/../lib/gcc/arm-none-eabi/10.3.1/thumb/v6-m/nofp/libgcc.a(_fixunsdfsi.o)
 .debug_frame   0x0000000000002968       0x3c /home/pack/gcc-arm-none-eabi-10.3-2021.10/bin/../lib/gcc/arm-none-eabi/10.3.1/thumb/v6-m/nofp/libgcc.a(_divdi3.o)
 .debug_frame   0x00000000000029a4       0x2c /home/pack/gcc-arm-none-eabi-10.3-2021.10/bin/../lib/gcc/arm-none-eabi/10.3.1/../../../../arm-none-eabi/lib/thumb/v6-m/nofp/libc.a(lib_a-init.o)
 .debug_frame   0x00000000000029d0       0x30 /home/pack/gcc-arm-none-eabi-10.3-2021.10/bin/../lib/gcc/arm-none-eabi/10.3.1/../../../../arm-none-eabi/lib/thumb/v6-m/nofp/libc.a(lib_a-memset.o)
 .debug_frame   0x0000000000002a00       0x54 /home/pack/gcc-arm-none-eabi-10.3-2021.10/bin/../lib/gcc/arm-none-eabi/10.3.1/../../../../arm-none-eabi/lib/thumb/v6-m/nofp/libc.a(lib_a-__call_atexit.o)
 .debug_frame   0x0000000000002a54       0x28 /home/pack/gcc-arm-none-eabi-10.3-2021.10/bin/../lib/gcc/arm-none-eabi/10.3.1/../../../../arm-none-eabi/lib/thumb/v6-m/nofp/libc.a(lib_a-atexit.o)
 .debug_frame   0x0000000000002a7c       0x2c /home/pack/gcc-arm-none-eabi-10.3-2021.10/bin/../lib/gcc/arm-none-eabi/10.3.1/../../../../arm-none-eabi/lib/thumb/v6-m/nofp/libc.a(lib_a-fini.o)
 .debug_frame   0x0000000000002aa8       0xb0 /home/pack/gcc-arm-none-eabi-10.3-2021.10/bin/../lib/gcc/arm-none-eabi/10.3.1/../../../../arm-none-eabi/lib/thumb/v6-m/nofp/libc.a(lib_a-lock.o)
 .debug_frame   0x0000000000002b58       0x3c /home/pack/gcc-arm-none-eabi-10.3-2021.10/bin/../lib/gcc/arm-none-eabi/10.3.1/../../../../arm-none-eabi/lib/thumb/v6-m/nofp/libc.a(lib_a-__atexit.o)
