Archive member included to satisfy reference by file (symbol)

/home/pack/gcc-arm-none-eabi-10.3-2021.10/bin/../lib/gcc/arm-none-eabi/10.3.1/thumb/v6-m/nofp/libgcc.a(_udivsi3.o)
                              obj/stm32f0xx_hal.o (__aeabi_uidiv)
/home/pack/gcc-arm-none-eabi-10.3-2021.10/bin/../lib/gcc/arm-none-eabi/10.3.1/thumb/v6-m/nofp/libgcc.a(_divsi3.o)
                              obj/stm32f0xx_hal.o (__aeabi_idiv)
/home/pack/gcc-arm-none-eabi-10.3-2021.10/bin/../lib/gcc/arm-none-eabi/10.3.1/thumb/v6-m/nofp/libgcc.a(_dvmd_tls.o)
                              /home/pack/gcc-arm-none-eabi-10.3-2021.10/bin/../lib/gcc/arm-none-eabi/10.3.1/thumb/v6-m/nofp/libgcc.a(_udivsi3.o) (__aeabi_idiv0)
/home/pack/gcc-arm-none-eabi-10.3-2021.10/bin/../lib/gcc/arm-none-eabi/10.3.1/../../../../arm-none-eabi/lib/thumb/v6-m/nofp/libc.a(lib_a-exit.o)
                              /home/pack/gcc-arm-none-eabi-10.3-2021.10/bin/../lib/gcc/arm-none-eabi/10.3.1/../../../../arm-none-eabi/lib/thumb/v6-m/nofp/crt0.o (exit)
/home/pack/gcc-arm-none-eabi-10.3-2021.10/bin/../lib/gcc/arm-none-eabi/10.3.1/../../../../arm-none-eabi/lib/thumb/v6-m/nofp/libc.a(lib_a-impure.o)
                              /home/pack/gcc-arm-none-eabi-10.3-2021.10/bin/../lib/gcc/arm-none-eabi/10.3.1/../../../../arm-none-eabi/lib/thumb/v6-m/nofp/libc.a(lib_a-exit.o) (_global_impure_ptr)
/home/pack/gcc-arm-none-eabi-10.3-2021.10/bin/../lib/gcc/arm-none-eabi/10.3.1/../../../../arm-none-eabi/lib/thumb/v6-m/nofp/libc.a(lib_a-init.o)
                              /home/pack/gcc-arm-none-eabi-10.3-2021.10/bin/../lib/gcc/arm-none-eabi/10.3.1/../../../../arm-none-eabi/lib/thumb/v6-m/nofp/crt0.o (__libc_init_array)
/home/pack/gcc-arm-none-eabi-10.3-2021.10/bin/../lib/gcc/arm-none-eabi/10.3.1/../../../../arm-none-eabi/lib/thumb/v6-m/nofp/libc.a(lib_a-memset.o)
                              /home/pack/gcc-arm-none-eabi-10.3-2021.10/bin/../lib/gcc/arm-none-eabi/10.3.1/../../../../arm-none-eabi/lib/thumb/v6-m/nofp/crt0.o (memset)
/home/pack/gcc-arm-none-eabi-10.3-2021.10/bin/../lib/gcc/arm-none-eabi/10.3.1/../../../../arm-none-eabi/lib/thumb/v6-m/nofp/libc.a(lib_a-__call_atexit.o)
                              /home/pack/gcc-arm-none-eabi-10.3-2021.10/bin/../lib/gcc/arm-none-eabi/10.3.1/../../../../arm-none-eabi/lib/thumb/v6-m/nofp/libc.a(lib_a-exit.o) (__call_exitprocs)
/home/pack/gcc-arm-none-eabi-10.3-2021.10/bin/../lib/gcc/arm-none-eabi/10.3.1/../../../../arm-none-eabi/lib/thumb/v6-m/nofp/libc.a(lib_a-atexit.o)
                              /home/pack/gcc-arm-none-eabi-10.3-2021.10/bin/../lib/gcc/arm-none-eabi/10.3.1/../../../../arm-none-eabi/lib/thumb/v6-m/nofp/libc.a(lib_a-__call_atexit.o) (atexit)
/home/pack/gcc-arm-none-eabi-10.3-2021.10/bin/../lib/gcc/arm-none-eabi/10.3.1/../../../../arm-none-eabi/lib/thumb/v6-m/nofp/libc.a(lib_a-fini.o)
                              /home/pack/gcc-arm-none-eabi-10.3-2021.10/bin/../lib/gcc/arm-none-eabi/10.3.1/../../../../arm-none-eabi/lib/thumb/v6-m/nofp/libc.a(lib_a-__call_atexit.o) (__libc_fini_array)
/home/pack/gcc-arm-none-eabi-10.3-2021.10/bin/../lib/gcc/arm-none-eabi/10.3.1/../../../../arm-none-eabi/lib/thumb/v6-m/nofp/libc.a(lib_a-lock.o)
                              /home/pack/gcc-arm-none-eabi-10.3-2021.10/bin/../lib/gcc/arm-none-eabi/10.3.1/../../../../arm-none-eabi/lib/thumb/v6-m/nofp/libc.a(lib_a-__call_atexit.o) (__retarget_lock_acquire_recursive)
/home/pack/gcc-arm-none-eabi-10.3-2021.10/bin/../lib/gcc/arm-none-eabi/10.3.1/../../../../arm-none-eabi/lib/thumb/v6-m/nofp/libc.a(lib_a-__atexit.o)
                              /home/pack/gcc-arm-none-eabi-10.3-2021.10/bin/../lib/gcc/arm-none-eabi/10.3.1/../../../../arm-none-eabi/lib/thumb/v6-m/nofp/libc.a(lib_a-atexit.o) (__register_exitproc)
/home/pack/gcc-arm-none-eabi-10.3-2021.10/bin/../lib/gcc/arm-none-eabi/10.3.1/../../../../arm-none-eabi/lib/thumb/v6-m/nofp/libnosys.a(_exit.o)
                              /home/pack/gcc-arm-none-eabi-10.3-2021.10/bin/../lib/gcc/arm-none-eabi/10.3.1/../../../../arm-none-eabi/lib/thumb/v6-m/nofp/libc.a(lib_a-exit.o) (_exit)

Discarded input sections

 .text          0x0000000000000000        0x0 /home/pack/gcc-arm-none-eabi-10.3-2021.10/bin/../lib/gcc/arm-none-eabi/10.3.1/thumb/v6-m/nofp/crti.o
 .data          0x0000000000000000        0x0 /home/pack/gcc-arm-none-eabi-10.3-2021.10/bin/../lib/gcc/arm-none-eabi/10.3.1/thumb/v6-m/nofp/crti.o
 .bss           0x0000000000000000        0x0 /home/pack/gcc-arm-none-eabi-10.3-2021.10/bin/../lib/gcc/arm-none-eabi/10.3.1/thumb/v6-m/nofp/crti.o
 .data          0x0000000000000000        0x4 /home/pack/gcc-arm-none-eabi-10.3-2021.10/bin/../lib/gcc/arm-none-eabi/10.3.1/thumb/v6-m/nofp/crtbegin.o
 .rodata        0x0000000000000000       0x24 /home/pack/gcc-arm-none-eabi-10.3-2021.10/bin/../lib/gcc/arm-none-eabi/10.3.1/thumb/v6-m/nofp/crtbegin.o
[...]
Memory Configuration

Name             Origin             Length             Attributes
RAM              0x0000000020000000 0x0000000000008000 xrw
FLASH            0x0000000008000000 0x0000000000040000 xr
*default*        0x0000000000000000 0xffffffffffffffff

Linker script and memory map

LOAD /home/pack/gcc-arm-none-eabi-10.3-2021.10/bin/../lib/gcc/arm-none-eabi/10.3.1/thumb/v6-m/nofp/crti.o
LOAD /home/pack/gcc-arm-none-eabi-10.3-2021.10/bin/../lib/gcc/arm-none-eabi/10.3.1/thumb/v6-m/nofp/crtbegin.o
LOAD /home/pack/gcc-arm-none-eabi-10.3-2021.10/bin/../lib/gcc/arm-none-eabi/10.3.1/../../../../arm-none-eabi/lib/thumb/v6-m/nofp/crt0.o
LOAD obj/bsp_beep.o
LOAD obj/bsp_led.o
LOAD obj/main.o
LOAD obj/startup_stm32f030xc.o
LOAD obj/stm32f0xx_hal.o
LOAD obj/stm32f0xx_hal_adc.o
LOAD obj/stm32f0xx_hal_adc_ex.o
LOAD obj/stm32f0xx_hal_can.o
LOAD obj/stm32f0xx_hal_cec.o
LOAD obj/stm32f0xx_hal_comp.o
LOAD obj/stm32f0xx_hal_cortex.o
LOAD obj/stm32f0xx_hal_crc.o
LOAD obj/stm32f0xx_hal_crc_ex.o
LOAD obj/stm32f0xx_hal_dac.o
LOAD obj/stm32f0xx_hal_dac_ex.o
LOAD obj/stm32f0xx_hal_dma.o
LOAD obj/stm32f0xx_hal_exti.o
LOAD obj/stm32f0xx_hal_flash.o
LOAD obj/stm32f0xx_hal_flash_ex.o
LOAD obj/stm32f0xx_hal_gpio.o
LOAD obj/stm32f0xx_hal_i2c.o
LOAD obj/stm32f0xx_hal_i2c_ex.o
LOAD obj/stm32f0xx_hal_i2s.o
LOAD obj/stm32f0xx_hal_irda.o
LOAD obj/stm32f0xx_hal_iwdg.o
LOAD obj/stm32f0xx_hal_msp.o
LOAD obj/stm32f0xx_hal_pcd.o
LOAD obj/stm32f0xx_hal_pcd_ex.o
LOAD obj/stm32f0xx_hal_pwr.o
LOAD obj/stm32f0xx_hal_pwr_ex.o
LOAD obj/stm32f0xx_hal_rcc.o
LOAD obj/stm32f0xx_hal_rcc_ex.o
LOAD obj/stm32f0xx_hal_rtc.o
LOAD obj/stm32f0xx_hal_rtc_ex.o
LOAD obj/stm32f0xx_hal_smartcard.o
LOAD obj/stm32f0xx_hal_smartcard_ex.o
LOAD obj/stm32f0xx_hal_smbus.o
LOAD obj/stm32f0xx_hal_spi.o
LOAD obj/stm32f0xx_hal_spi_ex.o
LOAD obj/stm32f0xx_hal_tim.o
LOAD obj/stm32f0xx_hal_tim_ex.o
LOAD obj/stm32f0xx_hal_tsc.o
LOAD obj/stm32f0xx_hal_uart.o
LOAD obj/stm32f0xx_hal_uart_ex.o
LOAD obj/stm32f0xx_hal_usart.o
LOAD obj/stm32f0xx_hal_usart_ex.o
LOAD obj/stm32f0xx_hal_wwdg.o
LOAD obj/stm32f0xx_it.o
LOAD obj/stm32f0xx_ll_adc.o
LOAD obj/stm32f0xx_ll_comp.o
LOAD obj/stm32f0xx_ll_crc.o
LOAD obj/stm32f0xx_ll_crs.o
LOAD obj/stm32f0xx_ll_dac.o
LOAD obj/stm32f0xx_ll_dma.o
LOAD obj/stm32f0xx_ll_exti.o
LOAD obj/stm32f0xx_ll_gpio.o
LOAD obj/stm32f0xx_ll_i2c.o
LOAD obj/stm32f0xx_ll_pwr.o
LOAD obj/stm32f0xx_ll_rcc.o
LOAD obj/stm32f0xx_ll_rtc.o
LOAD obj/stm32f0xx_ll_spi.o
LOAD obj/stm32f0xx_ll_tim.o
LOAD obj/stm32f0xx_ll_usart.o
LOAD obj/stm32f0xx_ll_usb.o
LOAD obj/stm32f0xx_ll_utils.o
LOAD obj/system_stm32f0xx.o
START GROUP
LOAD /home/pack/gcc-arm-none-eabi-10.3-2021.10/bin/../lib/gcc/arm-none-eabi/10.3.1/thumb/v6-m/nofp/libgcc.a
LOAD /home/pack/gcc-arm-none-eabi-10.3-2021.10/bin/../lib/gcc/arm-none-eabi/10.3.1/../../../../arm-none-eabi/lib/thumb/v6-m/nofp/libc.a
END GROUP
START GROUP
LOAD /home/pack/gcc-arm-none-eabi-10.3-2021.10/bin/../lib/gcc/arm-none-eabi/10.3.1/thumb/v6-m/nofp/libgcc.a
LOAD /home/pack/gcc-arm-none-eabi-10.3-2021.10/bin/../lib/gcc/arm-none-eabi/10.3.1/../../../../arm-none-eabi/lib/thumb/v6-m/nofp/libc.a
LOAD /home/pack/gcc-arm-none-eabi-10.3-2021.10/bin/../lib/gcc/arm-none-eabi/10.3.1/../../../../arm-none-eabi/lib/thumb/v6-m/nofp/libnosys.a
END GROUP
LOAD /home/pack/gcc-arm-none-eabi-10.3-2021.10/bin/../lib/gcc/arm-none-eabi/10.3.1/thumb/v6-m/nofp/crtend.o
LOAD /home/pack/gcc-arm-none-eabi-10.3-2021.10/bin/../lib/gcc/arm-none-eabi/10.3.1/thumb/v6-m/nofp/crtn.o
                0x0000000020002000                _estack = 0x20002000
                0x0000000000000200                _Min_Heap_Size = 0x200
                0x0000000000000400                _Min_Stack_Size = 0x400

.isr_vector     0x0000000008000000       0xbc
                0x0000000008000000                . = ALIGN (0x4)
 *(.isr_vector)
 .isr_vector    0x0000000008000000       0xbc obj/startup_stm32f030xc.o
                0x0000000008000000                g_pfnVectors
                0x00000000080000bc                . = ALIGN (0x4)

.text           0x00000000080000bc     0x1054
                0x00000000080000bc                . = ALIGN (0x4)
 *(.text)
 .text          0x00000000080000bc       0x48 /home/pack/gcc-arm-none-eabi-10.3-2021.10/bin/../lib/gcc/arm-none-eabi/10.3.1/thumb/v6-m/nofp/crtbegin.o
 .text          0x0000000008000104      0x114 /home/pack/gcc-arm-none-eabi-10.3-2021.10/bin/../lib/gcc/arm-none-eabi/10.3.1/thumb/v6-m/nofp/libgcc.a(_udivsi3.o)
                0x0000000008000104                __udivsi3
                0x0000000008000104                __aeabi_uidiv
                0x0000000008000210                __aeabi_uidivmod
 .text          0x0000000008000218        0x4 /home/pack/gcc-arm-none-eabi-10.3-2021.10/bin/../lib/gcc/arm-none-eabi/10.3.1/thumb/v6-m/nofp/libgcc.a(_dvmd_tls.o)
                0x0000000008000218                __aeabi_ldiv0
                0x0000000008000218                __aeabi_idiv0
 *(.text*)
 .text.bsp_beep_init
                0x000000000800021c       0x54 obj/bsp_beep.o
                0x000000000800021c                bsp_beep_init
 .text.bsp_led_init
                0x0000000008000270       0x54 obj/bsp_led.o
                0x0000000008000270                bsp_led_init
 .text.bsp_led1_toggle
                0x00000000080002c4       0x14 obj/bsp_led.o
                0x00000000080002c4                bsp_led1_toggle
 .text.bsp_led2_toggle
                0x00000000080002d8       0x14 obj/bsp_led.o
                0x00000000080002d8                bsp_led2_toggle
 .text.bsp_led3_toggle
                0x00000000080002ec       0x14 obj/bsp_led.o
                0x00000000080002ec                bsp_led3_toggle
 .text.startup.main
                0x0000000008000300       0x94 obj/main.o
                0x0000000008000300                main
 .text.Reset_Handler
                0x0000000008000394       0x50 obj/startup_stm32f030xc.o
                0x0000000008000394                Reset_Handler
 .text.Default_Handler
                0x00000000080003e4        0x2 obj/startup_stm32f030xc.o
                0x00000000080003e4                TIM1_CC_IRQHandler
                0x00000000080003e4                TIM6_IRQHandler
                0x00000000080003e4                I2C1_IRQHandler
                0x00000000080003e4                SPI1_IRQHandler
                0x00000000080003e4                EXTI2_3_IRQHandler
                0x00000000080003e4                ADC1_IRQHandler
                0x00000000080003e4                I2C2_IRQHandler
                0x00000000080003e4                USART3_6_IRQHandler
                0x00000000080003e4                TIM17_IRQHandler
                0x00000000080003e4                RTC_IRQHandler
                0x00000000080003e4                TIM16_IRQHandler
                0x00000000080003e4                TIM3_IRQHandler
                0x00000000080003e4                EXTI4_15_IRQHandler
                0x00000000080003e4                RCC_IRQHandler
                0x00000000080003e4                DMA1_Channel1_IRQHandler
                0x00000000080003e4                Default_Handler
                0x00000000080003e4                TIM14_IRQHandler
                0x00000000080003e4                DMA1_Channel4_5_IRQHandler
                0x00000000080003e4                TIM7_IRQHandler
                0x00000000080003e4                TIM15_IRQHandler
                0x00000000080003e4                EXTI0_1_IRQHandler
                0x00000000080003e4                SPI2_IRQHandler
                0x00000000080003e4                WWDG_IRQHandler
                0x00000000080003e4                DMA1_Channel2_3_IRQHandler
                0x00000000080003e4                USART2_IRQHandler
                0x00000000080003e4                FLASH_IRQHandler
                0x00000000080003e4                USART1_IRQHandler
                0x00000000080003e4                TIM1_BRK_UP_TRG_COM_IRQHandler
 *fill*         0x00000000080003e6        0x2 
 .text.HAL_InitTick
                0x00000000080003e8       0x4c obj/stm32f0xx_hal.o
                0x00000000080003e8                HAL_InitTick
 .text.HAL_Init
                0x0000000008000434       0x20 obj/stm32f0xx_hal.o
                0x0000000008000434                HAL_Init
 .text.HAL_IncTick
                0x0000000008000454       0x18 obj/stm32f0xx_hal.o
                0x0000000008000454                HAL_IncTick
 .text.HAL_GetTick
                0x000000000800046c        0xc obj/stm32f0xx_hal.o
                0x000000000800046c                HAL_GetTick
 .text.HAL_Delay
                0x0000000008000478       0x24 obj/stm32f0xx_hal.o
                0x0000000008000478                HAL_Delay
 .text.HAL_NVIC_SetPriority
                0x000000000800049c       0x64 obj/stm32f0xx_hal_cortex.o
                0x000000000800049c                HAL_NVIC_SetPriority
 .text.HAL_SYSTICK_Config
                0x0000000008000500       0x34 obj/stm32f0xx_hal_cortex.o
                0x0000000008000500                HAL_SYSTICK_Config
 .text.HAL_GPIO_Init
                0x0000000008000534      0x238 obj/stm32f0xx_hal_gpio.o
                0x0000000008000534                HAL_GPIO_Init
 .text.HAL_GPIO_WritePin
                0x000000000800076c        0xc obj/stm32f0xx_hal_gpio.o
                0x000000000800076c                HAL_GPIO_WritePin
 .text.HAL_GPIO_TogglePin
                0x0000000008000778       0x10 obj/stm32f0xx_hal_gpio.o
                0x0000000008000778                HAL_GPIO_TogglePin
 .text.HAL_MspInit
                0x0000000008000788        0x4 obj/stm32f0xx_hal_msp.o
                0x0000000008000788                HAL_MspInit
 .text.HAL_RCC_OscConfig
                0x000000000800078c      0x4cc obj/stm32f0xx_hal_rcc.o
                0x000000000800078c                HAL_RCC_OscConfig
 .text.HAL_RCC_GetSysClockFreq
                0x0000000008000c58       0x40 obj/stm32f0xx_hal_rcc.o
                0x0000000008000c58                HAL_RCC_GetSysClockFreq
 .text.HAL_RCC_ClockConfig
                0x0000000008000c98      0x118 obj/stm32f0xx_hal_rcc.o
                0x0000000008000c98                HAL_RCC_ClockConfig
 .text.HAL_RCCEx_PeriphCLKConfig
                0x0000000008000db0      0x13c obj/stm32f0xx_hal_rcc_ex.o
                0x0000000008000db0                HAL_RCCEx_PeriphCLKConfig
 .text.NMI_Handler
                0x0000000008000eec        0x4 obj/stm32f0xx_it.o
                0x0000000008000eec                NMI_Handler
 .text.HardFault_Handler
                0x0000000008000ef0        0x4 obj/stm32f0xx_it.o
                0x0000000008000ef0                HardFault_Handler
 .text.SVC_Handler
                0x0000000008000ef4        0x4 obj/stm32f0xx_it.o
                0x0000000008000ef4                SVC_Handler
 .text.PendSV_Handler
                0x0000000008000ef8        0x4 obj/stm32f0xx_it.o
                0x0000000008000ef8                PendSV_Handler
 .text.SysTick_Handler
                0x0000000008000efc        0x8 obj/stm32f0xx_it.o
                0x0000000008000efc                SysTick_Handler
 .text.SystemInit
                0x0000000008000f04        0x4 obj/system_stm32f0xx.o
                0x0000000008000f04                SystemInit
 .text.__libc_init_array
                0x0000000008000f08       0x44 /home/pack/gcc-arm-none-eabi-10.3-2021.10/bin/../lib/gcc/arm-none-eabi/10.3.1/../../../../arm-none-eabi/lib/thumb/v6-m/nofp/libc.a(lib_a-init.o)
                0x0000000008000f08                __libc_init_array
 .text.memset   0x0000000008000f4c       0xa8 /home/pack/gcc-arm-none-eabi-10.3-2021.10/bin/../lib/gcc/arm-none-eabi/10.3.1/../../../../arm-none-eabi/lib/thumb/v6-m/nofp/libc.a(lib_a-memset.o)
                0x0000000008000f4c                memset
 .text.startup.register_fini
                0x0000000008000ff4       0x18 /home/pack/gcc-arm-none-eabi-10.3-2021.10/bin/../lib/gcc/arm-none-eabi/10.3.1/../../../../arm-none-eabi/lib/thumb/v6-m/nofp/libc.a(lib_a-__call_atexit.o)
 .text.atexit   0x000000000800100c       0x10 /home/pack/gcc-arm-none-eabi-10.3-2021.10/bin/../lib/gcc/arm-none-eabi/10.3.1/../../../../arm-none-eabi/lib/thumb/v6-m/nofp/libc.a(lib_a-atexit.o)
                0x000000000800100c                atexit
 .text.__libc_fini_array
                0x000000000800101c       0x28 /home/pack/gcc-arm-none-eabi-10.3-2021.10/bin/../lib/gcc/arm-none-eabi/10.3.1/../../../../arm-none-eabi/lib/thumb/v6-m/nofp/libc.a(lib_a-fini.o)
                0x000000000800101c                __libc_fini_array
 .text.__retarget_lock_acquire_recursive
                0x0000000008001044        0x4 /home/pack/gcc-arm-none-eabi-10.3-2021.10/bin/../lib/gcc/arm-none-eabi/10.3.1/../../../../arm-none-eabi/lib/thumb/v6-m/nofp/libc.a(lib_a-lock.o)
                0x0000000008001044                __retarget_lock_acquire_recursive
 .text.__retarget_lock_release_recursive
                0x0000000008001048        0x4 /home/pack/gcc-arm-none-eabi-10.3-2021.10/bin/../lib/gcc/arm-none-eabi/10.3.1/../../../../arm-none-eabi/lib/thumb/v6-m/nofp/libc.a(lib_a-lock.o)
                0x0000000008001048                __retarget_lock_release_recursive
 .text.__register_exitproc
                0x000000000800104c       0xac /home/pack/gcc-arm-none-eabi-10.3-2021.10/bin/../lib/gcc/arm-none-eabi/10.3.1/../../../../arm-none-eabi/lib/thumb/v6-m/nofp/libc.a(lib_a-__atexit.o)
                0x000000000800104c                __register_exitproc
 *(.glue_7)
 .glue_7        0x00000000080010f8        0x0 linker stubs
 *(.glue_7t)
 .glue_7t       0x00000000080010f8        0x0 linker stubs
 *(.eh_frame)
 .eh_frame      0x00000000080010f8        0x0 /home/pack/gcc-arm-none-eabi-10.3-2021.10/bin/../lib/gcc/arm-none-eabi/10.3.1/thumb/v6-m/nofp/crtbegin.o
 *(.init)
 .init          0x00000000080010f8        0x4 /home/pack/gcc-arm-none-eabi-10.3-2021.10/bin/../lib/gcc/arm-none-eabi/10.3.1/thumb/v6-m/nofp/crti.o
                0x00000000080010f8                _init
 .init          0x00000000080010fc        0x8 /home/pack/gcc-arm-none-eabi-10.3-2021.10/bin/../lib/gcc/arm-none-eabi/10.3.1/thumb/v6-m/nofp/crtn.o
 *(.fini)
 .fini          0x0000000008001104        0x4 /home/pack/gcc-arm-none-eabi-10.3-2021.10/bin/../lib/gcc/arm-none-eabi/10.3.1/thumb/v6-m/nofp/crti.o
                0x0000000008001104                _fini
 .fini          0x0000000008001108        0x8 /home/pack/gcc-arm-none-eabi-10.3-2021.10/bin/../lib/gcc/arm-none-eabi/10.3.1/thumb/v6-m/nofp/crtn.o
                0x0000000008001110                . = ALIGN (0x4)
                0x0000000008001110                _etext = .

.vfp11_veneer   0x0000000008001110        0x0
 .vfp11_veneer  0x0000000008001110        0x0 linker stubs

.v4_bx          0x0000000008001110        0x0
 .v4_bx         0x0000000008001110        0x0 linker stubs

.iplt           0x0000000008001110        0x0
 .iplt          0x0000000008001110        0x0 /home/pack/gcc-arm-none-eabi-10.3-2021.10/bin/../lib/gcc/arm-none-eabi/10.3.1/thumb/v6-m/nofp/crtbegin.o

.rodata         0x0000000008001110       0x34
                0x0000000008001110                . = ALIGN (0x4)
 *(.rodata)
 *(.rodata*)
 .rodata.aPLLMULFactorTable.1
                0x0000000008001110       0x10 obj/stm32f0xx_hal_rcc.o
 .rodata.aPredivFactorTable.0
                0x0000000008001120       0x10 obj/stm32f0xx_hal_rcc.o
 .rodata.AHBPrescTable
                0x0000000008001130       0x10 obj/system_stm32f0xx.o
                0x0000000008001130                AHBPrescTable
 .rodata._global_impure_ptr
                0x0000000008001140        0x4 /home/pack/gcc-arm-none-eabi-10.3-2021.10/bin/../lib/gcc/arm-none-eabi/10.3.1/../../../../arm-none-eabi/lib/thumb/v6-m/nofp/libc.a(lib_a-impure.o)
                0x0000000008001140                _global_impure_ptr
                0x0000000008001144                . = ALIGN (0x4)

.rel.dyn        0x0000000008001144        0x0
 .rel.iplt      0x0000000008001144        0x0 /home/pack/gcc-arm-none-eabi-10.3-2021.10/bin/../lib/gcc/arm-none-eabi/10.3.1/thumb/v6-m/nofp/crtbegin.o

.ARM.extab
 *(.ARM.extab* .gnu.linkonce.armextab.*)

.ARM            0x0000000008001144        0x0
                0x0000000008001144                __exidx_start = .
 *(.ARM.exidx*)
                0x0000000008001144                __exidx_end = .

.preinit_array  0x0000000008001144        0x0
                0x0000000008001144                PROVIDE (__preinit_array_start = .)
 *(.preinit_array*)
                0x0000000008001144                PROVIDE (__preinit_array_end = .)

.init_array     0x0000000008001144        0x8
                0x0000000008001144                PROVIDE (__init_array_start = .)
 *(SORT_BY_NAME(.init_array.*))
 .init_array.00000
                0x0000000008001144        0x4 /home/pack/gcc-arm-none-eabi-10.3-2021.10/bin/../lib/gcc/arm-none-eabi/10.3.1/../../../../arm-none-eabi/lib/thumb/v6-m/nofp/libc.a(lib_a-__call_atexit.o)
 *(.init_array*)
 .init_array    0x0000000008001148        0x4 /home/pack/gcc-arm-none-eabi-10.3-2021.10/bin/../lib/gcc/arm-none-eabi/10.3.1/thumb/v6-m/nofp/crtbegin.o
                0x000000000800114c                PROVIDE (__init_array_end = .)

.fini_array     0x000000000800114c        0x4
                0x000000000800114c                PROVIDE (__fini_array_start = .)
 *(SORT_BY_NAME(.fini_array.*))
 *(.fini_array*)
 .fini_array    0x000000000800114c        0x4 /home/pack/gcc-arm-none-eabi-10.3-2021.10/bin/../lib/gcc/arm-none-eabi/10.3.1/thumb/v6-m/nofp/crtbegin.o
                0x0000000008001150                PROVIDE (__fini_array_end = .)
                0x0000000008001150                _sidata = LOADADDR (.data)

.data           0x0000000020000000      0x43c load address 0x0000000008001150
                0x0000000020000000                . = ALIGN (0x4)
                0x0000000020000000                _sdata = .
 *(.data)
 *(.data*)
 .data.uwTickFreq
                0x0000000020000000        0x1 obj/stm32f0xx_hal.o
                0x0000000020000000                uwTickFreq
 *fill*         0x0000000020000001        0x3 
 .data.uwTickPrio
                0x0000000020000004        0x4 obj/stm32f0xx_hal.o
                0x0000000020000004                uwTickPrio
 .data.SystemCoreClock
                0x0000000020000008        0x4 obj/system_stm32f0xx.o
                0x0000000020000008                SystemCoreClock
 *fill*         0x000000002000000c        0x4 
 .data.impure_data
                0x0000000020000010      0x428 /home/pack/gcc-arm-none-eabi-10.3-2021.10/bin/../lib/gcc/arm-none-eabi/10.3.1/../../../../arm-none-eabi/lib/thumb/v6-m/nofp/libc.a(lib_a-impure.o)
 .data.__atexit_recursive_mutex
                0x0000000020000438        0x4 /home/pack/gcc-arm-none-eabi-10.3-2021.10/bin/../lib/gcc/arm-none-eabi/10.3.1/../../../../arm-none-eabi/lib/thumb/v6-m/nofp/libc.a(lib_a-__call_atexit.o)
                0x0000000020000438                __atexit_recursive_mutex
                0x000000002000043c                . = ALIGN (0x4)
                0x000000002000043c                _edata = .

.igot.plt       0x000000002000043c        0x0 load address 0x000000000800158c
 .igot.plt      0x000000002000043c        0x0 /home/pack/gcc-arm-none-eabi-10.3-2021.10/bin/../lib/gcc/arm-none-eabi/10.3.1/thumb/v6-m/nofp/crtbegin.o
                0x000000002000043c                . = ALIGN (0x4)

.bss            0x000000002000043c       0x24 load address 0x000000000800158c
                0x000000002000043c                _sbss = .
                0x000000002000043c                __bss_start__ = _sbss
 *(.bss)
 .bss           0x000000002000043c       0x1c /home/pack/gcc-arm-none-eabi-10.3-2021.10/bin/../lib/gcc/arm-none-eabi/10.3.1/thumb/v6-m/nofp/crtbegin.o
 *(.bss*)
 .bss.uwTick    0x0000000020000458        0x4 obj/stm32f0xx_hal.o
                0x0000000020000458                uwTick
 .bss.__lock___atexit_recursive_mutex
                0x000000002000045c        0x1 /home/pack/gcc-arm-none-eabi-10.3-2021.10/bin/../lib/gcc/arm-none-eabi/10.3.1/../../../../arm-none-eabi/lib/thumb/v6-m/nofp/libc.a(lib_a-lock.o)
                0x000000002000045c                __lock___atexit_recursive_mutex
 *(COMMON)
                0x0000000020000460                . = ALIGN (0x4)
 *fill*         0x000000002000045d        0x3 
                0x0000000020000460                _ebss = .
                0x0000000020000460                __bss_end__ = _ebss

._user_heap_stack
                0x0000000020000460      0x600 load address 0x000000000800158c
                0x0000000020000460                . = ALIGN (0x8)
                [!provide]                        PROVIDE (end = .)
                [!provide]                        PROVIDE (_end = .)
                0x0000000020000660                . = (. + _Min_Heap_Size)
 *fill*         0x0000000020000460      0x200 
                0x0000000020000a60                . = (. + _Min_Stack_Size)
 *fill*         0x0000000020000660      0x400 
                0x0000000020000a60                . = ALIGN (0x8)

/DISCARD/
 libc.a(*)
 libm.a(*)
 libgcc.a(*)

.ARM.attributes
                0x0000000000000000       0x28
 *(.ARM.attributes)
 .ARM.attributes
                0x0000000000000000       0x1e /home/pack/gcc-arm-none-eabi-10.3-2021.10/bin/../lib/gcc/arm-none-eabi/10.3.1/thumb/v6-m/nofp/crti.o
 .ARM.attributes
                0x000000000000001e       0x2c /home/pack/gcc-arm-none-eabi-10.3-2021.10/bin/../lib/gcc/arm-none-eabi/10.3.1/thumb/v6-m/nofp/crtbegin.o
 .ARM.attributes
                0x000000000000004a       0x2c obj/bsp_beep.o
 .ARM.attributes
                0x0000000000000076       0x2c obj/bsp_led.o
 .ARM.attributes
                0x00000000000000a2       0x2c obj/main.o
 .ARM.attributes
                0x00000000000000ce       0x21 obj/startup_stm32f030xc.o
 .ARM.attributes
                0x00000000000000ef       0x2c obj/stm32f0xx_hal.o
 .ARM.attributes
                0x000000000000011b       0x2c obj/stm32f0xx_hal_cortex.o
 .ARM.attributes
                0x0000000000000147       0x2c obj/stm32f0xx_hal_gpio.o
 .ARM.attributes
                0x0000000000000173       0x2c obj/stm32f0xx_hal_msp.o
 .ARM.attributes
                0x000000000000019f       0x2c obj/stm32f0xx_hal_rcc.o
 .ARM.attributes
                0x00000000000001cb       0x2c obj/stm32f0xx_hal_rcc_ex.o
 .ARM.attributes
                0x00000000000001f7       0x2c obj/stm32f0xx_it.o
 .ARM.attributes
                0x0000000000000223       0x2c obj/system_stm32f0xx.o
 .ARM.attributes
                0x000000000000024f       0x1e /home/pack/gcc-arm-none-eabi-10.3-2021.10/bin/../lib/gcc/arm-none-eabi/10.3.1/thumb/v6-m/nofp/libgcc.a(_udivsi3.o)
 .ARM.attributes
                0x000000000000026d       0x1e /home/pack/gcc-arm-none-eabi-10.3-2021.10/bin/../lib/gcc/arm-none-eabi/10.3.1/thumb/v6-m/nofp/libgcc.a(_dvmd_tls.o)
 .ARM.attributes
                0x000000000000028b       0x2c /home/pack/gcc-arm-none-eabi-10.3-2021.10/bin/../lib/gcc/arm-none-eabi/10.3.1/../../../../arm-none-eabi/lib/thumb/v6-m/nofp/libc.a(lib_a-impure.o)
 .ARM.attributes
                0x00000000000002b7       0x2c /home/pack/gcc-arm-none-eabi-10.3-2021.10/bin/../lib/gcc/arm-none-eabi/10.3.1/../../../../arm-none-eabi/lib/thumb/v6-m/nofp/libc.a(lib_a-init.o)
 .ARM.attributes
                0x00000000000002e3       0x2c /home/pack/gcc-arm-none-eabi-10.3-2021.10/bin/../lib/gcc/arm-none-eabi/10.3.1/../../../../arm-none-eabi/lib/thumb/v6-m/nofp/libc.a(lib_a-memset.o)
 .ARM.attributes
                0x000000000000030f       0x2c /home/pack/gcc-arm-none-eabi-10.3-2021.10/bin/../lib/gcc/arm-none-eabi/10.3.1/../../../../arm-none-eabi/lib/thumb/v6-m/nofp/libc.a(lib_a-__call_atexit.o)
 .ARM.attributes
                0x000000000000033b       0x2c /home/pack/gcc-arm-none-eabi-10.3-2021.10/bin/../lib/gcc/arm-none-eabi/10.3.1/../../../../arm-none-eabi/lib/thumb/v6-m/nofp/libc.a(lib_a-atexit.o)
 .ARM.attributes
                0x0000000000000367       0x2c /home/pack/gcc-arm-none-eabi-10.3-2021.10/bin/../lib/gcc/arm-none-eabi/10.3.1/../../../../arm-none-eabi/lib/thumb/v6-m/nofp/libc.a(lib_a-fini.o)
 .ARM.attributes
                0x0000000000000393       0x2c /home/pack/gcc-arm-none-eabi-10.3-2021.10/bin/../lib/gcc/arm-none-eabi/10.3.1/../../../../arm-none-eabi/lib/thumb/v6-m/nofp/libc.a(lib_a-lock.o)
 .ARM.attributes
                0x00000000000003bf       0x2c /home/pack/gcc-arm-none-eabi-10.3-2021.10/bin/../lib/gcc/arm-none-eabi/10.3.1/../../../../arm-none-eabi/lib/thumb/v6-m/nofp/libc.a(lib_a-__atexit.o)
 .ARM.attributes
                0x00000000000003eb       0x1e /home/pack/gcc-arm-none-eabi-10.3-2021.10/bin/../lib/gcc/arm-none-eabi/10.3.1/thumb/v6-m/nofp/crtn.o
OUTPUT(firmware.elf elf32-littlearm)
LOAD linker stubs
LOAD /home/pack/gcc-arm-none-eabi-10.3-2021.10/bin/../lib/gcc/arm-none-eabi/10.3.1/../../../../arm-none-eabi/lib/thumb/v6-m/nofp/libc.a
LOAD /home/pack/gcc-arm-none-eabi-10.3-2021.10/bin/../lib/gcc/arm-none-eabi/10.3.1/../../../../arm-none-eabi/lib/thumb/v6-m/nofp/libm.a
LOAD /home/pack/gcc-arm-none-eabi-10.3-2021.10/bin/../lib/gcc/arm-none-eabi/10.3.1/thumb/v6-m/nofp/libgcc.a

.debug_info     0x0000000000000000     0x368e
 .debug_info    0x0000000000000000      0x435 obj/bsp_beep.o
 .debug_info    0x0000000000000435      0x541 obj/bsp_led.o
 .debug_info    0x0000000000000976      0x42d obj/main.o
 .debug_info    0x0000000000000da3       0x22 obj/startup_stm32f030xc.o
 .debug_info    0x0000000000000dc5      0x77a obj/stm32f0xx_hal.o
 .debug_info    0x000000000000153f      0x8ae obj/stm32f0xx_hal_cortex.o
 .debug_info    0x0000000000001ded      0x650 obj/stm32f0xx_hal_gpio.o
 .debug_info    0x000000000000243d       0x97 obj/stm32f0xx_hal_msp.o
 .debug_info    0x00000000000024d4      0xa7a obj/stm32f0xx_hal_rcc.o
 .debug_info    0x0000000000002f4e      0x3d3 obj/stm32f0xx_hal_rcc_ex.o
 .debug_info    0x0000000000003321       0xde obj/stm32f0xx_it.o
 .debug_info    0x00000000000033ff      0x28f obj/system_stm32f0xx.o

.debug_abbrev   0x0000000000000000     0x1214
 .debug_abbrev  0x0000000000000000      0x15e obj/bsp_beep.o
 .debug_abbrev  0x000000000000015e      0x15e obj/bsp_led.o
 .debug_abbrev  0x00000000000002bc      0x1a7 obj/main.o
 .debug_abbrev  0x0000000000000463       0x12 obj/startup_stm32f030xc.o
 .debug_abbrev  0x0000000000000475      0x2aa obj/stm32f0xx_hal.o
 .debug_abbrev  0x000000000000071f      0x285 obj/stm32f0xx_hal_cortex.o
 .debug_abbrev  0x00000000000009a4      0x1fb obj/stm32f0xx_hal_gpio.o
 .debug_abbrev  0x0000000000000b9f       0x61 obj/stm32f0xx_hal_msp.o
 .debug_abbrev  0x0000000000000c00      0x282 obj/stm32f0xx_hal_rcc.o
 .debug_abbrev  0x0000000000000e82      0x1a9 obj/stm32f0xx_hal_rcc_ex.o
 .debug_abbrev  0x000000000000102b       0xb5 obj/stm32f0xx_it.o
 .debug_abbrev  0x00000000000010e0      0x134 obj/system_stm32f0xx.o

.debug_aranges  0x0000000000000000      0x3b8
 .debug_aranges
                0x0000000000000000       0x40 obj/bsp_beep.o
 .debug_aranges
                0x0000000000000040       0x68 obj/bsp_led.o
 .debug_aranges
                0x00000000000000a8       0x28 obj/main.o
 .debug_aranges
                0x00000000000000d0       0x28 obj/startup_stm32f030xc.o
 .debug_aranges
                0x00000000000000f8       0xc8 obj/stm32f0xx_hal.o
 .debug_aranges
                0x00000000000001c0       0x78 obj/stm32f0xx_hal_cortex.o
 .debug_aranges
                0x0000000000000238       0x58 obj/stm32f0xx_hal_gpio.o
 .debug_aranges
                0x0000000000000290       0x20 obj/stm32f0xx_hal_msp.o
 .debug_aranges
                0x00000000000002b0       0x80 obj/stm32f0xx_hal_rcc.o
 .debug_aranges
                0x0000000000000330       0x30 obj/stm32f0xx_hal_rcc_ex.o
 .debug_aranges
                0x0000000000000360       0x30 obj/stm32f0xx_it.o
 .debug_aranges
                0x0000000000000390       0x28 obj/system_stm32f0xx.o

.debug_ranges   0x0000000000000000      0x4e8
 .debug_ranges  0x0000000000000000       0x60 obj/bsp_beep.o
 .debug_ranges  0x0000000000000060       0x88 obj/bsp_led.o
 .debug_ranges  0x00000000000000e8       0x38 obj/main.o
 .debug_ranges  0x0000000000000120       0x20 obj/startup_stm32f030xc.o
 .debug_ranges  0x0000000000000140       0xb8 obj/stm32f0xx_hal.o
 .debug_ranges  0x00000000000001f8      0x100 obj/stm32f0xx_hal_cortex.o
 .debug_ranges  0x00000000000002f8       0x70 obj/stm32f0xx_hal_gpio.o
 .debug_ranges  0x0000000000000368       0x10 obj/stm32f0xx_hal_msp.o
 .debug_ranges  0x0000000000000378       0xd8 obj/stm32f0xx_hal_rcc.o
 .debug_ranges  0x0000000000000450       0x60 obj/stm32f0xx_hal_rcc_ex.o
 .debug_ranges  0x00000000000004b0       0x20 obj/stm32f0xx_it.o
 .debug_ranges  0x00000000000004d0       0x18 obj/system_stm32f0xx.o

.debug_macro    0x0000000000000000     0xedac
 .debug_macro   0x0000000000000000      0x2b7 obj/bsp_beep.o
 .debug_macro   0x00000000000002b7      0xa5a obj/bsp_beep.o
 .debug_macro   0x0000000000000d11      0x187 obj/bsp_beep.o
 .debug_macro   0x0000000000000e98       0x2e obj/bsp_beep.o
 .debug_macro   0x0000000000000ec6       0x22 obj/bsp_beep.o
 .debug_macro   0x0000000000000ee8       0x22 obj/bsp_beep.o
 .debug_macro   0x0000000000000f0a       0x56 obj/bsp_beep.o
 .debug_macro   0x0000000000000f60       0x51 obj/bsp_beep.o
 .debug_macro   0x0000000000000fb1      0x103 obj/bsp_beep.o
 .debug_macro   0x00000000000010b4       0x6a obj/bsp_beep.o
 .debug_macro   0x000000000000111e      0x1df obj/bsp_beep.o
 .debug_macro   0x00000000000012fd       0x1c obj/bsp_beep.o
 .debug_macro   0x0000000000001319       0x22 obj/bsp_beep.o
 .debug_macro   0x000000000000133b       0xaf obj/bsp_beep.o
 .debug_macro   0x00000000000013ea      0x391 obj/bsp_beep.o
 .debug_macro   0x000000000000177b     0x785b obj/bsp_beep.o
 .debug_macro   0x0000000000008fd6       0x66 obj/bsp_beep.o
 .debug_macro   0x000000000000903c      0x174 obj/bsp_beep.o
 .debug_macro   0x00000000000091b0       0x55 obj/bsp_beep.o
 .debug_macro   0x0000000000009205      0x924 obj/bsp_beep.o
 .debug_macro   0x0000000000009b29      0x289 obj/bsp_beep.o
 .debug_macro   0x0000000000009db2      0x1ae obj/bsp_beep.o
 .debug_macro   0x0000000000009f60      0x153 obj/bsp_beep.o
 .debug_macro   0x000000000000a0b3      0x1a0 obj/bsp_beep.o
 .debug_macro   0x000000000000a253      0x1bc obj/bsp_beep.o
 .debug_macro   0x000000000000a40f      0x1dd obj/bsp_beep.o
 .debug_macro   0x000000000000a5ec       0x3c obj/bsp_beep.o
 .debug_macro   0x000000000000a628       0x28 obj/bsp_beep.o
 .debug_macro   0x000000000000a650      0x33d obj/bsp_beep.o
 .debug_macro   0x000000000000a98d       0xc2 obj/bsp_beep.o
 .debug_macro   0x000000000000aa4f       0x6c obj/bsp_beep.o
 .debug_macro   0x000000000000aabb       0x4c obj/bsp_beep.o
 .debug_macro   0x000000000000ab07       0xb0 obj/bsp_beep.o
 .debug_macro   0x000000000000abb7      0x217 obj/bsp_beep.o
 .debug_macro   0x000000000000adce      0x22c obj/bsp_beep.o
 .debug_macro   0x000000000000affa       0x61 obj/bsp_beep.o
 .debug_macro   0x000000000000b05b       0xa5 obj/bsp_beep.o
 .debug_macro   0x000000000000b100       0x85 obj/bsp_beep.o
 .debug_macro   0x000000000000b185       0x4c obj/bsp_beep.o
 .debug_macro   0x000000000000b1d1       0x49 obj/bsp_beep.o
 .debug_macro   0x000000000000b21a      0x2db obj/bsp_beep.o
 .debug_macro   0x000000000000b4f5      0x399 obj/bsp_beep.o
 .debug_macro   0x000000000000b88e       0xeb obj/bsp_beep.o
 .debug_macro   0x000000000000b979      0x34e obj/bsp_beep.o
 .debug_macro   0x000000000000bcc7      0x2fe obj/bsp_beep.o
 .debug_macro   0x000000000000bfc5      0x8f4 obj/bsp_beep.o
 .debug_macro   0x000000000000c8b9       0x28 obj/bsp_beep.o
 .debug_macro   0x000000000000c8e1      0x56d obj/bsp_beep.o
 .debug_macro   0x000000000000ce4e       0x44 obj/bsp_beep.o
 .debug_macro   0x000000000000ce92      0x264 obj/bsp_beep.o
 .debug_macro   0x000000000000d0f6       0x31 obj/bsp_beep.o
 .debug_macro   0x000000000000d127       0x8d obj/bsp_beep.o
 .debug_macro   0x000000000000d1b4      0x10d obj/bsp_beep.o
 .debug_macro   0x000000000000d2c1      0x2b7 obj/bsp_led.o
 .debug_macro   0x000000000000d578      0x2c1 obj/main.o
 .debug_macro   0x000000000000d839      0x2c7 obj/stm32f0xx_hal.o
 .debug_macro   0x000000000000db00      0x2a3 obj/stm32f0xx_hal_cortex.o
 .debug_macro   0x000000000000dda3      0x2aa obj/stm32f0xx_hal_gpio.o
 .debug_macro   0x000000000000e04d      0x2ad obj/stm32f0xx_hal_msp.o
 .debug_macro   0x000000000000e2fa      0x2b5 obj/stm32f0xx_hal_rcc.o
 .debug_macro   0x000000000000e5af      0x2a3 obj/stm32f0xx_hal_rcc_ex.o
 .debug_macro   0x000000000000e852      0x2b7 obj/stm32f0xx_it.o
 .debug_macro   0x000000000000eb09      0x2a3 obj/system_stm32f0xx.o

.debug_line     0x0000000000000000     0x68c7
 .debug_line    0x0000000000000000      0x784 obj/bsp_beep.o
 .debug_line    0x0000000000000784      0x823 obj/bsp_led.o
 .debug_line    0x0000000000000fa7      0x801 obj/main.o
 .debug_line    0x00000000000017a8       0x7d obj/startup_stm32f030xc.o
 .debug_line    0x0000000000001825      0x9fe obj/stm32f0xx_hal.o
 .debug_line    0x0000000000002223      0xa60 obj/stm32f0xx_hal_cortex.o
 .debug_line    0x0000000000002c83      0xc06 obj/stm32f0xx_hal_gpio.o
 .debug_line    0x0000000000003889      0x697 obj/stm32f0xx_hal_msp.o
 .debug_line    0x0000000000003f20     0x120c obj/stm32f0xx_hal_rcc.o
 .debug_line    0x000000000000512c      0x995 obj/stm32f0xx_hal_rcc_ex.o
 .debug_line    0x0000000000005ac1      0x6e7 obj/stm32f0xx_it.o
 .debug_line    0x00000000000061a8      0x71f obj/system_stm32f0xx.o

.debug_str      0x0000000000000000    0x5c4c6
 .debug_str     0x0000000000000000    0x5b5bf obj/bsp_beep.o
                                      0x5b7a7 (size before relaxing)
 .debug_str     0x000000000005b5bf       0xc0 obj/bsp_led.o
                                      0x5b7fb (size before relaxing)
 .debug_str     0x000000000005b67f      0x234 obj/main.o
                                      0x5b8c9 (size before relaxing)
 .debug_str     0x000000000005b8b3       0x2a obj/startup_stm32f030xc.o
                                         0x43 (size before relaxing)
 .debug_str     0x000000000005b8dd      0x56a obj/stm32f0xx_hal.o
                                      0x5bc88 (size before relaxing)
 .debug_str     0x000000000005be47      0x1de obj/stm32f0xx_hal_cortex.o
                                      0x5ba75 (size before relaxing)
 .debug_str     0x000000000005c025      0x109 obj/stm32f0xx_hal_gpio.o
                                      0x5b879 (size before relaxing)
 .debug_str     0x000000000005c12e       0x19 obj/stm32f0xx_hal_msp.o
                                      0x5b62b (size before relaxing)
 .debug_str     0x000000000005c147      0x23a obj/stm32f0xx_hal_rcc.o
                                      0x5bb22 (size before relaxing)
 .debug_str     0x000000000005c381       0x7d obj/stm32f0xx_hal_rcc_ex.o
                                      0x5b821 (size before relaxing)
 .debug_str     0x000000000005c3fe       0x6f obj/stm32f0xx_it.o
                                      0x5b673 (size before relaxing)
 .debug_str     0x000000000005c46d       0x59 obj/system_stm32f0xx.o
                                      0x5b6fa (size before relaxing)

.comment        0x0000000000000000       0x49
 .comment       0x0000000000000000       0x49 obj/bsp_beep.o
                                         0x4a (size before relaxing)
 .comment       0x0000000000000049       0x4a obj/bsp_led.o
 .comment       0x0000000000000049       0x4a obj/main.o
 .comment       0x0000000000000049       0x4a obj/stm32f0xx_hal.o
 .comment       0x0000000000000049       0x4a obj/stm32f0xx_hal_cortex.o
 .comment       0x0000000000000049       0x4a obj/stm32f0xx_hal_gpio.o
 .comment       0x0000000000000049       0x4a obj/stm32f0xx_hal_msp.o
 .comment       0x0000000000000049       0x4a obj/stm32f0xx_hal_rcc.o
 .comment       0x0000000000000049       0x4a obj/stm32f0xx_hal_rcc_ex.o
 .comment       0x0000000000000049       0x4a obj/stm32f0xx_it.o
 .comment       0x0000000000000049       0x4a obj/system_stm32f0xx.o

.debug_frame    0x0000000000000000      0x9c4
 .debug_frame   0x0000000000000000       0x8c obj/bsp_beep.o
 .debug_frame   0x000000000000008c      0x104 obj/bsp_led.o
 .debug_frame   0x0000000000000190       0x3c obj/main.o
 .debug_frame   0x00000000000001cc      0x1b0 obj/stm32f0xx_hal.o
 .debug_frame   0x000000000000037c       0xe4 obj/stm32f0xx_hal_cortex.o
 .debug_frame   0x0000000000000460       0xd4 obj/stm32f0xx_hal_gpio.o
 .debug_frame   0x0000000000000534       0x30 obj/stm32f0xx_hal_msp.o
 .debug_frame   0x0000000000000564      0x14c obj/stm32f0xx_hal_rcc.o
 .debug_frame   0x00000000000006b0       0x60 obj/stm32f0xx_hal_rcc_ex.o
 .debug_frame   0x0000000000000710       0x68 obj/stm32f0xx_it.o
 .debug_frame   0x0000000000000778       0x3c obj/system_stm32f0xx.o
 .debug_frame   0x00000000000007b4       0x20 /home/pack/gcc-arm-none-eabi-10.3-2021.10/bin/../lib/gcc/arm-none-eabi/10.3.1/thumb/v6-m/nofp/libgcc.a(_udivsi3.o)
 .debug_frame   0x00000000000007d4       0x2c /home/pack/gcc-arm-none-eabi-10.3-2021.10/bin/../lib/gcc/arm-none-eabi/10.3.1/../../../../arm-none-eabi/lib/thumb/v6-m/nofp/libc.a(lib_a-init.o)
 .debug_frame   0x0000000000000800       0x30 /home/pack/gcc-arm-none-eabi-10.3-2021.10/bin/../lib/gcc/arm-none-eabi/10.3.1/../../../../arm-none-eabi/lib/thumb/v6-m/nofp/libc.a(lib_a-memset.o)
 .debug_frame   0x0000000000000830       0x54 /home/pack/gcc-arm-none-eabi-10.3-2021.10/bin/../lib/gcc/arm-none-eabi/10.3.1/../../../../arm-none-eabi/lib/thumb/v6-m/nofp/libc.a(lib_a-__call_atexit.o)
 .debug_frame   0x0000000000000884       0x28 /home/pack/gcc-arm-none-eabi-10.3-2021.10/bin/../lib/gcc/arm-none-eabi/10.3.1/../../../../arm-none-eabi/lib/thumb/v6-m/nofp/libc.a(lib_a-atexit.o)
 .debug_frame   0x00000000000008ac       0x2c /home/pack/gcc-arm-none-eabi-10.3-2021.10/bin/../lib/gcc/arm-none-eabi/10.3.1/../../../../arm-none-eabi/lib/thumb/v6-m/nofp/libc.a(lib_a-fini.o)
 .debug_frame   0x00000000000008d8       0xb0 /home/pack/gcc-arm-none-eabi-10.3-2021.10/bin/../lib/gcc/arm-none-eabi/10.3.1/../../../../arm-none-eabi/lib/thumb/v6-m/nofp/libc.a(lib_a-lock.o)
 .debug_frame   0x0000000000000988       0x3c /home/pack/gcc-arm-none-eabi-10.3-2021.10/bin/../lib/gcc/arm-none-eabi/10.3.1/../../../../arm-none-eabi/lib/thumb/v6-m/nofp/libc.a(lib_a-__atexit.o)

.debug_loc      0x0000000000000000     0x1461
 .debug_loc     0x0000000000000000      0x135 obj/stm32f0xx_hal.o
 .debug_loc     0x0000000000000135      0x4a2 obj/stm32f0xx_hal_cortex.o
 .debug_loc     0x00000000000005d7      0x526 obj/stm32f0xx_hal_gpio.o
 .debug_loc     0x0000000000000afd      0x54d obj/stm32f0xx_hal_rcc.o
 .debug_loc     0x000000000000104a      0x2e6 obj/stm32f0xx_hal_rcc_ex.o
 .debug_loc     0x0000000000001330      0x131 obj/system_stm32f0xx.o
